Component: ARM Compiler 5.06 update 6 (build 750) Tool: armlink [4d35ed]

==============================================================================

Section Cross References

    main.o(.text) refers to oledgui.o(.text) for SHOW_CG
    main.o(.text) refers to os_time.o(.text) for OSTimeDlyHMSM
    main.o(.text) refers to cpu_core.o(.text) for CPU_Init
    main.o(.text) refers to os_stat.o(.text) for OSStatTaskCPUUsageInit
    main.o(.text) refers to os_core.o(.text) for OSSchedRoundRobinCfg
    main.o(.text) refers to cpu_a.o(.text) for CPU_SR_Save
    main.o(.text) refers to os_task.o(.text) for OSTaskCreate
    main.o(.text) refers to delay.o(.text) for delay_init
    main.o(.text) refers to misc.o(.text) for NVIC_PriorityGroupConfig
    main.o(.text) refers to usart.o(.text) for uart_init
    main.o(.text) refers to led.o(.text) for LED_Init
    main.o(.text) refers to spi.o(.text) for SPIx_Init
    main.o(.text) refers to spi_oled.o(.text) for OLED_Init
    main.o(.text) refers to os_var.o(.data) for OSSchedLockNestingCtr
    main.o(.text) refers to main.o(.bss) for LED0_TASK_STK
    system_stm32f10x.o(.text) refers to system_stm32f10x.o(.data) for SystemCoreClock
    led.o(.text) refers to stm32f10x_rcc.o(.text) for RCC_APB2PeriphClockCmd
    led.o(.text) refers to stm32f10x_gpio.o(.text) for GPIO_Init
    spi.o(.text) refers to stm32f10x_rcc.o(.text) for RCC_APB2PeriphClockCmd
    spi.o(.text) refers to stm32f10x_gpio.o(.text) for GPIO_Init
    spi.o(.text) refers to stm32f10x_spi.o(.text) for SPI_Init
    spi.o(.text) refers to noretval__2printf.o(.text) for __2printf
    spi.o(.text) refers to spi.o(.data) for SPI_config
    spi_oled.o(.text) refers to spi.o(.text) for SPI_ReadWriteByte
    spi_oled.o(.text) refers to stm32f10x_rcc.o(.text) for RCC_APB2PeriphClockCmd
    spi_oled.o(.text) refers to stm32f10x_gpio.o(.text) for GPIO_Init
    spi_oled.o(.text) refers to delay.o(.text) for delay_ms
    spi_oled.o(.text) refers to spi_oled.o(.data) for OLED_SPI
    oledgui.o(.text) refers to spi_oled.o(.text) for OLED_Set_Pos
    oledgui.o(.text) refers to oledgui.o(.constdata) for F6x8
    oledgui.o(.text) refers to oledgui.o(.data) for Hzk
    oledgui.o(.text) refers to oledgui.o(.bss) for OLED_GRAM
    oledgui.o(.text) refers to aeabi_memset.o(.text) for __aeabi_memset
    oledgui.o(.text) refers to delay.o(.text) for delay_ms
    delay.o(.text) refers to os_core.o(.text) for OSSchedLock
    delay.o(.text) refers to os_time.o(.text) for OSTimeDly
    delay.o(.text) refers to misc.o(.text) for SysTick_CLKSourceConfig
    delay.o(.text) refers to os_var.o(.data) for OSRunning
    delay.o(.text) refers to system_stm32f10x.o(.data) for SystemCoreClock
    delay.o(.text) refers to delay.o(.data) for fac_us
    delay.o(.text) refers to os_cfg_app.o(.constdata) for OSCfg_TickRate_Hz
    usart.o(.text) refers (Special) to use_no_semi_2.o(.text) for __use_no_semihosting
    usart.o(.text) refers to stm32f10x_rcc.o(.text) for RCC_APB2PeriphClockCmd
    usart.o(.text) refers to stm32f10x_usart.o(.text) for USART_DeInit
    usart.o(.text) refers to stm32f10x_gpio.o(.text) for GPIO_Init
    usart.o(.text) refers to misc.o(.text) for NVIC_Init
    usart.o(.text) refers to os_core.o(.text) for OSIntEnter
    usart.o(.text) refers to usart.o(.data) for USART_RX_STA
    usart.o(.text) refers to usart.o(.bss) for USART_RX_BUF
    usart.o(.bss) refers (Special) to use_no_semi_2.o(.text) for __use_no_semihosting
    usart.o(.data) refers (Special) to use_no_semi_2.o(.text) for __use_no_semihosting
    startup_stm32f10x_hd.o(STACK) refers (Special) to heapauxi.o(.text) for __use_two_region_memory
    startup_stm32f10x_hd.o(HEAP) refers (Special) to heapauxi.o(.text) for __use_two_region_memory
    startup_stm32f10x_hd.o(RESET) refers (Special) to heapauxi.o(.text) for __use_two_region_memory
    startup_stm32f10x_hd.o(RESET) refers to startup_stm32f10x_hd.o(STACK) for __initial_sp
    startup_stm32f10x_hd.o(RESET) refers to startup_stm32f10x_hd.o(.text) for Reset_Handler
    startup_stm32f10x_hd.o(RESET) refers to stm32f10x_it.o(.text) for NMI_Handler
    startup_stm32f10x_hd.o(RESET) refers to os_cpu_a.o(CODE) for PendSV_Handler
    startup_stm32f10x_hd.o(RESET) refers to delay.o(.text) for SysTick_Handler
    startup_stm32f10x_hd.o(RESET) refers to usart.o(.text) for USART1_IRQHandler
    startup_stm32f10x_hd.o(.text) refers (Special) to heapauxi.o(.text) for __use_two_region_memory
    startup_stm32f10x_hd.o(.text) refers to system_stm32f10x.o(.text) for SystemInit
    startup_stm32f10x_hd.o(.text) refers to __main.o(!!!main) for __main
    startup_stm32f10x_hd.o(.text) refers to startup_stm32f10x_hd.o(HEAP) for Heap_Mem
    startup_stm32f10x_hd.o(.text) refers to startup_stm32f10x_hd.o(STACK) for Stack_Mem
    stm32f10x_gpio.o(.text) refers to stm32f10x_rcc.o(.text) for RCC_APB2PeriphResetCmd
    stm32f10x_usart.o(.text) refers to stm32f10x_rcc.o(.text) for RCC_APB2PeriphResetCmd
[...]
    __rt_lib_init_signal_1                   0x080001ef   Thumb Code     0  libinit2.o(.ARM.Collect$$libinit$$0000001D)
    __rt_lib_init_stdio_1                    0x080001ef   Thumb Code     0  libinit2.o(.ARM.Collect$$libinit$$00000025)
    __rt_lib_init_user_alloc_1               0x080001ef   Thumb Code     0  libinit2.o(.ARM.Collect$$libinit$$0000000C)
    __rt_lib_shutdown                        0x080001f1   Thumb Code     0  libshutdown.o(.ARM.Collect$$libshutdown$$00000000)
    __rt_lib_shutdown_cpp_1                  0x080001f3   Thumb Code     0  libshutdown2.o(.ARM.Collect$$libshutdown$$00000002)
    __rt_lib_shutdown_fp_trap_1              0x080001f3   Thumb Code     0  libshutdown2.o(.ARM.Collect$$libshutdown$$00000007)
    __rt_lib_shutdown_heap_1                 0x080001f3   Thumb Code     0  libshutdown2.o(.ARM.Collect$$libshutdown$$0000000F)
    __rt_lib_shutdown_return                 0x080001f3   Thumb Code     0  libshutdown2.o(.ARM.Collect$$libshutdown$$00000010)
    __rt_lib_shutdown_signal_1               0x080001f3   Thumb Code     0  libshutdown2.o(.ARM.Collect$$libshutdown$$0000000A)
    __rt_lib_shutdown_stdio_1                0x080001f3   Thumb Code     0  libshutdown2.o(.ARM.Collect$$libshutdown$$00000004)
    __rt_lib_shutdown_user_alloc_1           0x080001f3   Thumb Code     0  libshutdown2.o(.ARM.Collect$$libshutdown$$0000000C)
    __rt_entry                               0x080001f5   Thumb Code     0  __rtentry.o(.ARM.Collect$$rtentry$$00000000)
    __rt_entry_presh_1                       0x080001f5   Thumb Code     0  __rtentry2.o(.ARM.Collect$$rtentry$$00000002)
    __rt_entry_sh                            0x080001f5   Thumb Code     0  __rtentry4.o(.ARM.Collect$$rtentry$$00000004)
    __rt_entry_li                            0x080001fb   Thumb Code     0  __rtentry2.o(.ARM.Collect$$rtentry$$0000000A)
    __rt_entry_postsh_1                      0x080001fb   Thumb Code     0  __rtentry2.o(.ARM.Collect$$rtentry$$00000009)
    __rt_entry_main                          0x080001ff   Thumb Code     0  __rtentry2.o(.ARM.Collect$$rtentry$$0000000D)
    __rt_entry_postli_1                      0x080001ff   Thumb Code     0  __rtentry2.o(.ARM.Collect$$rtentry$$0000000C)
    __rt_exit                                0x08000207   Thumb Code     0  rtexit.o(.ARM.Collect$$rtexit$$00000000)
    __rt_exit_ls                             0x08000209   Thumb Code     0  rtexit2.o(.ARM.Collect$$rtexit$$00000003)
    __rt_exit_prels_1                        0x08000209   Thumb Code     0  rtexit2.o(.ARM.Collect$$rtexit$$00000002)
    __rt_exit_exit                           0x0800020d   Thumb Code     0  rtexit2.o(.ARM.Collect$$rtexit$$00000004)
    Show_task                                0x08000215   Thumb Code   142  main.o(.text)
    led0_task                                0x080002a3   Thumb Code    62  main.o(.text)
    start_task                               0x080002e1   Thumb Code   270  main.o(.text)
    main                                     0x080003ef   Thumb Code   240  main.o(.text)
    NMI_Handler                              0x08000535   Thumb Code     2  stm32f10x_it.o(.text)
    HardFault_Handler                        0x08000537   Thumb Code     4  stm32f10x_it.o(.text)
    MemManage_Handler                        0x0800053b   Thumb Code     4  stm32f10x_it.o(.text)
    BusFault_Handler                         0x0800053f   Thumb Code     4  stm32f10x_it.o(.text)
    UsageFault_Handler                       0x08000543   Thumb Code     4  stm32f10x_it.o(.text)
    SVC_Handler                              0x08000547   Thumb Code     2  stm32f10x_it.o(.text)
    DebugMon_Handler                         0x08000549   Thumb Code     2  stm32f10x_it.o(.text)
    SystemInit                               0x0800062b   Thumb Code    78  system_stm32f10x.o(.text)
    SystemCoreClockUpdate                    0x08000679   Thumb Code   142  system_stm32f10x.o(.text)
    LED_Init                                 0x0800072d   Thumb Code    46  led.o(.text)
    SPI_IO_EN                                0x08000761   Thumb Code   154  spi.o(.text)
    SPIx_Init                                0x080007fb   Thumb Code    34  spi.o(.text)
    SPI_ReadWriteByte                        0x0800081d   Thumb Code    80  spi.o(.text)
    OLED_Write                               0x08000895   Thumb Code    36  spi_oled.o(.text)
    OLED_Clear                               0x080008b9   Thumb Code    70  spi_oled.o(.text)
    OLED_Display_On                          0x080008ff   Thumb Code    28  spi_oled.o(.text)
    OLED_Init                                0x0800091b   Thumb Code   402  spi_oled.o(.text)
    OLED_Display_Off                         0x08000aad   Thumb Code    28  spi_oled.o(.text)
    OLED_Set_Pos                             0x08000ac9   Thumb Code    42  spi_oled.o(.text)
    OLED_ShowChar                            0x08000b05   Thumb Code    86  oledgui.o(.text)
    OLED_ShowString                          0x08000b5b   Thumb Code    56  oledgui.o(.text)
    OLED_ShowCHinese                         0x08000b93   Thumb Code   110  oledgui.o(.text)
    OLED_DrawBMP                             0x08000c01   Thumb Code   118  oledgui.o(.text)
    Show_ClkNum                              0x08000c77   Thumb Code   140  oledgui.o(.text)
    OLED_DrawPoint                           0x08000d03   Thumb Code    92  oledgui.o(.text)
    OLED_DrawLine                            0x08000d5f   Thumb Code   428  oledgui.o(.text)
    OLED_DrawRectangle                       0x08000f0b   Thumb Code    98  oledgui.o(.text)
    OLED_DrawCircle                          0x08000f6d   Thumb Code   186  oledgui.o(.text)
    OLED_Refresh_GRAM                        0x08001027   Thumb Code    60  oledgui.o(.text)
    OLED_Clean_GRAM                          0x08001063   Thumb Code    18  oledgui.o(.text)
    show_loading                             0x08001075   Thumb Code   126  oledgui.o(.text)
    SHOW_CG                                  0x080010f3   Thumb Code   178  oledgui.o(.text)
    delay_osschedlock                        0x080011b5   Thumb Code    10  delay.o(.text)
    delay_osschedunlock                      0x080011bf   Thumb Code    10  delay.o(.text)
    delay_ostimedly                          0x080011c9   Thumb Code    16  delay.o(.text)
    SysTick_Handler                          0x080011d9   Thumb Code    24  delay.o(.text)
    delay_init                               0x080011f1   Thumb Code    92  delay.o(.text)
    delay_us                                 0x0800124d   Thumb Code    86  delay.o(.text)
    delay_ms                                 0x080012a3   Thumb Code    66  delay.o(.text)
    _sys_exit                                0x08001301   Thumb Code     6  usart.o(.text)
    fputc                                    0x08001307   Thumb Code    24  usart.o(.text)
    uart_init                                0x0800131f   Thumb Code   158  usart.o(.text)
    USART1_IRQHandler                        0x080013bd   Thumb Code   130  usart.o(.text)
    Reset_Handler                            0x08001451   Thumb Code     8  startup_stm32f10x_hd.o(.text)
    ADC1_2_IRQHandler                        0x0800146b   Thumb Code     0  startup_stm32f10x_hd.o(.text)
    ADC3_IRQHandler                          0x0800146b   Thumb Code     0  startup_stm32f10x_hd.o(.text)
    CAN1_RX1_IRQHandler                      0x0800146b   Thumb Code     0  startup_stm32f10x_hd.o(.text)
    CAN1_SCE_IRQHandler                      0x0800146b   Thumb Code     0  startup_stm32f10x_hd.o(.text)
    DMA1_Channel1_IRQHandler                 0x0800146b   Thumb Code     0  startup_stm32f10x_hd.o(.text)
    DMA1_Channel2_IRQHandler                 0x0800146b   Thumb Code     0  startup_stm32f10x_hd.o(.text)
    DMA1_Channel3_IRQHandler                 0x0800146b   Thumb Code     0  startup_stm32f10x_hd.o(.text)
    DMA1_Channel4_IRQHandler                 0x0800146b   Thumb Code     0  startup_stm32f10x_hd.o(.text)
    DMA1_Channel5_IRQHandler                 0x0800146b   Thumb Code     0  startup_stm32f10x_hd.o(.text)
    DMA1_Channel6_IRQHandler                 0x0800146b   Thumb Code     0  startup_stm32f10x_hd.o(.text)
    DMA1_Channel7_IRQHandler                 0x0800146b   Thumb Code     0  startup_stm32f10x_hd.o(.text)
    DMA2_Channel1_IRQHandler                 0x0800146b   Thumb Code     0  startup_stm32f10x_hd.o(.text)
    DMA2_Channel2_IRQHandler                 0x0800146b   Thumb Code     0  startup_stm32f10x_hd.o(.text)
    DMA2_Channel3_IRQHandler                 0x0800146b   Thumb Code     0  startup_stm32f10x_hd.o(.text)
    DMA2_Channel4_5_IRQHandler               0x0800146b   Thumb Code     0  startup_stm32f10x_hd.o(.text)
    EXTI0_IRQHandler                         0x0800146b   Thumb Code     0  startup_stm32f10x_hd.o(.text)
    EXTI15_10_IRQHandler                     0x0800146b   Thumb Code     0  startup_stm32f10x_hd.o(.text)
    EXTI1_IRQHandler                         0x0800146b   Thumb Code     0  startup_stm32f10x_hd.o(.text)
    EXTI2_IRQHandler                         0x0800146b   Thumb Code     0  startup_stm32f10x_hd.o(.text)
    EXTI3_IRQHandler                         0x0800146b   Thumb Code     0  startup_stm32f10x_hd.o(.text)
    EXTI4_IRQHandler                         0x0800146b   Thumb Code     0  startup_stm32f10x_hd.o(.text)
    EXTI9_5_IRQHandler                       0x0800146b   Thumb Code     0  startup_stm32f10x_hd.o(.text)
    FLASH_IRQHandler                         0x0800146b   Thumb Code     0  startup_stm32f10x_hd.o(.text)
    FSMC_IRQHandler                          0x0800146b   Thumb Code     0  startup_stm32f10x_hd.o(.text)
    I2C1_ER_IRQHandler                       0x0800146b   Thumb Code     0  startup_stm32f10x_hd.o(.text)
    I2C1_EV_IRQHandler                       0x0800146b   Thumb Code     0  startup_stm32f10x_hd.o(.text)
    I2C2_ER_IRQHandler                       0x0800146b   Thumb Code     0  startup_stm32f10x_hd.o(.text)
    I2C2_EV_IRQHandler                       0x0800146b   Thumb Code     0  startup_stm32f10x_hd.o(.text)
    PVD_IRQHandler                           0x0800146b   Thumb Code     0  startup_stm32f10x_hd.o(.text)
    RCC_IRQHandler                           0x0800146b   Thumb Code     0  startup_stm32f10x_hd.o(.text)
    RTCAlarm_IRQHandler                      0x0800146b   Thumb Code     0  startup_stm32f10x_hd.o(.text)
    RTC_IRQHandler                           0x0800146b   Thumb Code     0  startup_stm32f10x_hd.o(.text)
    SDIO_IRQHandler                          0x0800146b   Thumb Code     0  startup_stm32f10x_hd.o(.text)
    SPI1_IRQHandler                          0x0800146b   Thumb Code     0  startup_stm32f10x_hd.o(.text)
    SPI2_IRQHandler                          0x0800146b   Thumb Code     0  startup_stm32f10x_hd.o(.text)
    SPI3_IRQHandler                          0x0800146b   Thumb Code     0  startup_stm32f10x_hd.o(.text)
    TAMPER_IRQHandler                        0x0800146b   Thumb Code     0  startup_stm32f10x_hd.o(.text)
    TIM1_BRK_IRQHandler                      0x0800146b   Thumb Code     0  startup_stm32f10x_hd.o(.text)
    TIM1_CC_IRQHandler                       0x0800146b   Thumb Code     0  startup_stm32f10x_hd.o(.text)
    TIM1_TRG_COM_IRQHandler                  0x0800146b   Thumb Code     0  startup_stm32f10x_hd.o(.text)
    TIM1_UP_IRQHandler                       0x0800146b   Thumb Code     0  startup_stm32f10x_hd.o(.text)
    TIM2_IRQHandler                          0x0800146b   Thumb Code     0  startup_stm32f10x_hd.o(.text)
    TIM3_IRQHandler                          0x0800146b   Thumb Code     0  startup_stm32f10x_hd.o(.text)
    TIM4_IRQHandler                          0x0800146b   Thumb Code     0  startup_stm32f10x_hd.o(.text)
    TIM5_IRQHandler                          0x0800146b   Thumb Code     0  startup_stm32f10x_hd.o(.text)
    TIM6_IRQHandler                          0x0800146b   Thumb Code     0  startup_stm32f10x_hd.o(.text)
    TIM7_IRQHandler                          0x0800146b   Thumb Code     0  startup_stm32f10x_hd.o(.text)
    TIM8_BRK_IRQHandler                      0x0800146b   Thumb Code     0  startup_stm32f10x_hd.o(.text)
    TIM8_CC_IRQHandler                       0x0800146b   Thumb Code     0  startup_stm32f10x_hd.o(.text)
    TIM8_TRG_COM_IRQHandler                  0x0800146b   Thumb Code     0  startup_stm32f10x_hd.o(.text)
    TIM8_UP_IRQHandler                       0x0800146b   Thumb Code     0  startup_stm32f10x_hd.o(.text)
    UART4_IRQHandler                         0x0800146b   Thumb Code     0  startup_stm32f10x_hd.o(.text)
    UART5_IRQHandler                         0x0800146b   Thumb Code     0  startup_stm32f10x_hd.o(.text)
    USART2_IRQHandler                        0x0800146b   Thumb Code     0  startup_stm32f10x_hd.o(.text)
    USART3_IRQHandler                        0x0800146b   Thumb Code     0  startup_stm32f10x_hd.o(.text)
    USBWakeUp_IRQHandler                     0x0800146b   Thumb Code     0  startup_stm32f10x_hd.o(.text)
    USB_HP_CAN1_TX_IRQHandler                0x0800146b   Thumb Code     0  startup_stm32f10x_hd.o(.text)
    USB_LP_CAN1_RX0_IRQHandler               0x0800146b   Thumb Code     0  startup_stm32f10x_hd.o(.text)
    WWDG_IRQHandler                          0x0800146b   Thumb Code     0  startup_stm32f10x_hd.o(.text)
    __user_initial_stackheap                 0x0800146d   Thumb Code     0  startup_stm32f10x_hd.o(.text)
    NVIC_PriorityGroupConfig                 0x08001491   Thumb Code    10  misc.o(.text)
    NVIC_Init                                0x0800149b   Thumb Code   100  misc.o(.text)
    NVIC_SetVectorTable                      0x080014ff   Thumb Code    14  misc.o(.text)
    NVIC_SystemLPConfig                      0x0800150d   Thumb Code    34  misc.o(.text)
    SysTick_CLKSourceConfig                  0x0800152f   Thumb Code    40  misc.o(.text)
    GPIO_DeInit                              0x0800156d   Thumb Code   172  stm32f10x_gpio.o(.text)
    GPIO_AFIODeInit                          0x08001619   Thumb Code    20  stm32f10x_gpio.o(.text)
    GPIO_Init                                0x0800162d   Thumb Code   278  stm32f10x_gpio.o(.text)
    GPIO_StructInit                          0x08001743   Thumb Code    16  stm32f10x_gpio.o(.text)
    GPIO_ReadInputDataBit                    0x08001753   Thumb Code    18  stm32f10x_gpio.o(.text)
    GPIO_ReadInputData                       0x08001765   Thumb Code     8  stm32f10x_gpio.o(.text)
    GPIO_ReadOutputDataBit                   0x0800176d   Thumb Code    18  stm32f10x_gpio.o(.text)
    GPIO_ReadOutputData                      0x0800177f   Thumb Code     8  stm32f10x_gpio.o(.text)
    GPIO_SetBits                             0x08001787   Thumb Code     4  stm32f10x_gpio.o(.text)
    GPIO_ResetBits                           0x0800178b   Thumb Code     4  stm32f10x_gpio.o(.text)
    GPIO_WriteBit                            0x0800178f   Thumb Code    10  stm32f10x_gpio.o(.text)
    GPIO_Write                               0x08001799   Thumb Code     4  stm32f10x_gpio.o(.text)
    GPIO_PinLockConfig                       0x0800179d   Thumb Code    18  stm32f10x_gpio.o(.text)
    GPIO_EventOutputConfig                   0x080017af   Thumb Code    26  stm32f10x_gpio.o(.text)
    GPIO_EventOutputCmd                      0x080017c9   Thumb Code     6  stm32f10x_gpio.o(.text)
    GPIO_PinRemapConfig                      0x080017cf   Thumb Code   138  stm32f10x_gpio.o(.text)
    GPIO_EXTILineConfig                      0x08001859   Thumb Code    66  stm32f10x_gpio.o(.text)
    GPIO_ETH_MediaInterfaceConfig            0x0800189b   Thumb Code     8  stm32f10x_gpio.o(.text)
    USART_DeInit                             0x080018c9   Thumb Code   134  stm32f10x_usart.o(.text)
    USART_Init                               0x0800194f   Thumb Code   210  stm32f10x_usart.o(.text)
    USART_StructInit                         0x08001a21   Thumb Code    24  stm32f10x_usart.o(.text)
    USART_ClockInit                          0x08001a39   Thumb Code    34  stm32f10x_usart.o(.text)
    USART_ClockStructInit                    0x08001a5b   Thumb Code    12  stm32f10x_usart.o(.text)
    USART_Cmd                                0x08001a67   Thumb Code    24  stm32f10x_usart.o(.text)
    USART_ITConfig                           0x08001a7f   Thumb Code    74  stm32f10x_usart.o(.text)
    USART_DMACmd                             0x08001ac9   Thumb Code    18  stm32f10x_usart.o(.text)
    USART_SetAddress                         0x08001adb   Thumb Code    18  stm32f10x_usart.o(.text)
    USART_WakeUpConfig                       0x08001aed   Thumb Code    18  stm32f10x_usart.o(.text)
    USART_ReceiverWakeUpCmd                  0x08001aff   Thumb Code    24  stm32f10x_usart.o(.text)
    USART_LINBreakDetectLengthConfig         0x08001b17   Thumb Code    18  stm32f10x_usart.o(.text)
    USART_LINCmd                             0x08001b29   Thumb Code    24  stm32f10x_usart.o(.text)
    USART_SendData                           0x08001b41   Thumb Code     8  stm32f10x_usart.o(.text)
    USART_ReceiveData                        0x08001b49   Thumb Code    10  stm32f10x_usart.o(.text)
    USART_SendBreak                          0x08001b53   Thumb Code    10  stm32f10x_usart.o(.text)
    USART_SetGuardTime                       0x08001b5d   Thumb Code    16  stm32f10x_usart.o(.text)
    USART_SetPrescaler                       0x08001b6d   Thumb Code    16  stm32f10x_usart.o(.text)
    USART_SmartCardCmd                       0x08001b7d   Thumb Code    24  stm32f10x_usart.o(.text)
    USART_SmartCardNACKCmd                   0x08001b95   Thumb Code    24  stm32f10x_usart.o(.text)
    USART_HalfDuplexCmd                      0x08001bad   Thumb Code    24  stm32f10x_usart.o(.text)
    USART_OverSampling8Cmd                   0x08001bc5   Thumb Code    22  stm32f10x_usart.o(.text)
    USART_OneBitMethodCmd                    0x08001bdb   Thumb Code    24  stm32f10x_usart.o(.text)
    USART_IrDAConfig                         0x08001bf3   Thumb Code    18  stm32f10x_usart.o(.text)
    USART_IrDACmd                            0x08001c05   Thumb Code    24  stm32f10x_usart.o(.text)
    USART_GetFlagStatus                      0x08001c1d   Thumb Code    26  stm32f10x_usart.o(.text)
    USART_ClearFlag                          0x08001c37   Thumb Code    18  stm32f10x_usart.o(.text)
    USART_GetITStatus                        0x08001c49   Thumb Code    84  stm32f10x_usart.o(.text)
    USART_ClearITPendingBit                  0x08001c9d   Thumb Code    52  stm32f10x_usart.o(.text)
    RCC_DeInit                               0x08001cd1   Thumb Code    64  stm32f10x_rcc.o(.text)
    RCC_HSEConfig                            0x08001d11   Thumb Code    70  stm32f10x_rcc.o(.text)
    RCC_GetFlagStatus                        0x08001d57   Thumb Code    56  stm32f10x_rcc.o(.text)
    RCC_WaitForHSEStartUp                    0x08001d8f   Thumb Code    56  stm32f10x_rcc.o(.text)
    RCC_AdjustHSICalibrationValue            0x08001dc7   Thumb Code    20  stm32f10x_rcc.o(.text)
    RCC_HSICmd                               0x08001ddb   Thumb Code     6  stm32f10x_rcc.o(.text)
    RCC_PLLConfig                            0x08001de1   Thumb Code    24  stm32f10x_rcc.o(.text)
    RCC_PLLCmd                               0x08001df9   Thumb Code     6  stm32f10x_rcc.o(.text)
    RCC_SYSCLKConfig                         0x08001dff   Thumb Code    18  stm32f10x_rcc.o(.text)
    RCC_GetSYSCLKSource                      0x08001e11   Thumb Code    10  stm32f10x_rcc.o(.text)
    RCC_HCLKConfig                           0x08001e1b   Thumb Code    18  stm32f10x_rcc.o(.text)
    RCC_PCLK1Config                          0x08001e2d   Thumb Code    18  stm32f10x_rcc.o(.text)
    RCC_PCLK2Config                          0x08001e3f   Thumb Code    20  stm32f10x_rcc.o(.text)
    RCC_ITConfig                             0x08001e53   Thumb Code    26  stm32f10x_rcc.o(.text)
    RCC_USBCLKConfig                         0x08001e6d   Thumb Code     8  stm32f10x_rcc.o(.text)
    RCC_ADCCLKConfig                         0x08001e75   Thumb Code    18  stm32f10x_rcc.o(.text)
    RCC_LSEConfig                            0x08001e87   Thumb Code    50  stm32f10x_rcc.o(.text)
    RCC_LSICmd                               0x08001eb9   Thumb Code     6  stm32f10x_rcc.o(.text)
    RCC_RTCCLKConfig                         0x08001ebf   Thumb Code    12  stm32f10x_rcc.o(.text)
    RCC_RTCCLKCmd                            0x08001ecb   Thumb Code     8  stm32f10x_rcc.o(.text)
    RCC_GetClocksFreq                        0x08001ed3   Thumb Code   192  stm32f10x_rcc.o(.text)
    RCC_AHBPeriphClockCmd                    0x08001f93   Thumb Code    26  stm32f10x_rcc.o(.text)
    RCC_APB2PeriphClockCmd                   0x08001fad   Thumb Code    26  stm32f10x_rcc.o(.text)
    RCC_APB1PeriphClockCmd                   0x08001fc7   Thumb Code    26  stm32f10x_rcc.o(.text)
    RCC_APB2PeriphResetCmd                   0x08001fe1   Thumb Code    26  stm32f10x_rcc.o(.text)
    RCC_APB1PeriphResetCmd                   0x08001ffb   Thumb Code    26  stm32f10x_rcc.o(.text)
    RCC_BackupResetCmd                       0x08002015   Thumb Code     8  stm32f10x_rcc.o(.text)
    RCC_ClockSecuritySystemCmd               0x0800201d   Thumb Code     6  stm32f10x_rcc.o(.text)
    RCC_MCOConfig                            0x08002023   Thumb Code     6  stm32f10x_rcc.o(.text)
    RCC_ClearFlag                            0x08002029   Thumb Code    14  stm32f10x_rcc.o(.text)
    RCC_GetITStatus                          0x08002037   Thumb Code    20  stm32f10x_rcc.o(.text)
    RCC_ClearITPendingBit                    0x0800204b   Thumb Code     6  stm32f10x_rcc.o(.text)
    SPI_I2S_DeInit                           0x08002075   Thumb Code    76  stm32f10x_spi.o(.text)
    SPI_Init                                 0x080020c1   Thumb Code    60  stm32f10x_spi.o(.text)
    I2S_Init                                 0x080020fd   Thumb Code   226  stm32f10x_spi.o(.text)
    SPI_StructInit                           0x080021df   Thumb Code    24  stm32f10x_spi.o(.text)
    I2S_StructInit                           0x080021f7   Thumb Code    20  stm32f10x_spi.o(.text)
    SPI_Cmd                                  0x0800220b   Thumb Code    24  stm32f10x_spi.o(.text)
    I2S_Cmd                                  0x08002223   Thumb Code    24  stm32f10x_spi.o(.text)
    SPI_I2S_ITConfig                         0x0800223b   Thumb Code    32  stm32f10x_spi.o(.text)
    SPI_I2S_DMACmd                           0x0800225b   Thumb Code    18  stm32f10x_spi.o(.text)
    SPI_I2S_SendData                         0x0800226d   Thumb Code     4  stm32f10x_spi.o(.text)
    SPI_I2S_ReceiveData                      0x08002271   Thumb Code     6  stm32f10x_spi.o(.text)
    SPI_NSSInternalSoftwareConfig            0x08002277   Thumb Code    30  stm32f10x_spi.o(.text)
    SPI_SSOutputCmd                          0x08002295   Thumb Code    24  stm32f10x_spi.o(.text)
    SPI_DataSizeConfig                       0x080022ad   Thumb Code    18  stm32f10x_spi.o(.text)
    SPI_TransmitCRC                          0x080022bf   Thumb Code    10  stm32f10x_spi.o(.text)
    SPI_CalculateCRC                         0x080022c9   Thumb Code    24  stm32f10x_spi.o(.text)
    SPI_GetCRC                               0x080022e1   Thumb Code    16  stm32f10x_spi.o(.text)
    SPI_GetCRCPolynomial                     0x080022f1   Thumb Code     6  stm32f10x_spi.o(.text)
    SPI_BiDirectionalLineConfig              0x080022f7   Thumb Code    28  stm32f10x_spi.o(.text)
    SPI_I2S_GetFlagStatus                    0x08002313   Thumb Code    18  stm32f10x_spi.o(.text)
    SPI_I2S_ClearFlag                        0x08002325   Thumb Code     6  stm32f10x_spi.o(.text)
    SPI_I2S_GetITStatus                      0x0800232b   Thumb Code    52  stm32f10x_spi.o(.text)
    SPI_I2S_ClearITPendingBit                0x0800235f   Thumb Code    20  stm32f10x_spi.o(.text)
    BSP_CPU_ClkFreq                          0x08002381   Thumb Code    16  bsp.o(.text)
    CPU_TS_TmrInit                           0x08002391   Thumb Code    44  bsp.o(.text)
    CPU_TS_TmrRd                             0x080023bd   Thumb Code     6  bsp.o(.text)
    CPU_TS32_to_uSec                         0x080023c3   Thumb Code    54  bsp.o(.text)
    CPU_NameClr                              0x08002405   Thumb Code    42  cpu_core.o(.text)
    CPU_Init                                 0x08002445   Thumb Code    12  cpu_core.o(.text)
    CPU_SW_Exception                         0x08002451   Thumb Code     4  cpu_core.o(.text)
    CPU_NameGet                              0x08002455   Thumb Code    70  cpu_core.o(.text)
    CPU_NameSet                              0x0800249b   Thumb Code    96  cpu_core.o(.text)
    CPU_TS_Get32                             0x080024fb   Thumb Code    12  cpu_core.o(.text)
    CPU_TS_Update                            0x08002507   Thumb Code     2  cpu_core.o(.text)
    CPU_TS_TmrFreqGet                        0x08002509   Thumb Code    30  cpu_core.o(.text)
    CPU_TS_TmrFreqSet                        0x08002527   Thumb Code     6  cpu_core.o(.text)
    CPU_CntLeadZeros08                       0x0800252d   Thumb Code    18  cpu_core.o(.text)
    CPU_CntLeadZeros16                       0x0800253f   Thumb Code    18  cpu_core.o(.text)
    CPU_CntLeadZeros32                       0x08002551   Thumb Code    18  cpu_core.o(.text)
    CPU_CntLeadZeros64                       0x08002563   Thumb Code   188  cpu_core.o(.text)
    CPU_CntTrailZeros08                      0x0800261f   Thumb Code    22  cpu_core.o(.text)
    CPU_CntTrailZeros16                      0x08002635   Thumb Code    22  cpu_core.o(.text)
    CPU_CntTrailZeros32                      0x0800264b   Thumb Code    22  cpu_core.o(.text)
    CPU_CntTrailZeros64                      0x08002661   Thumb Code    62  cpu_core.o(.text)
    CPU_IntDis                               0x080026ad   Thumb Code     0  cpu_a.o(.text)
    CPU_IntEn                                0x080026b1   Thumb Code     0  cpu_a.o(.text)
    CPU_SR_Save                              0x080026b5   Thumb Code     0  cpu_a.o(.text)
    CPU_SR_Restore                           0x080026bd   Thumb Code     0  cpu_a.o(.text)
    CPU_WaitForInt                           0x080026c3   Thumb Code     0  cpu_a.o(.text)
    CPU_WaitForExcept                        0x080026c7   Thumb Code     0  cpu_a.o(.text)
    CPU_CntLeadZeros                         0x080026cb   Thumb Code     0  cpu_a.o(.text)
    CPU_CntTrailZeros                        0x080026d1   Thumb Code     0  cpu_a.o(.text)
    CPU_RevBits                              0x080026db   Thumb Code     0  cpu_a.o(.text)
    ASCII_IsAlpha                            0x080026e1   Thumb Code    48  lib_ascii.o(.text)
    ASCII_IsAlphaNum                         0x08002711   Thumb Code    76  lib_ascii.o(.text)
    ASCII_IsLower                            0x0800275d   Thumb Code    20  lib_ascii.o(.text)
    ASCII_IsUpper                            0x08002771   Thumb Code    20  lib_ascii.o(.text)
    ASCII_IsDig                              0x08002785   Thumb Code    20  lib_ascii.o(.text)
    ASCII_IsDigOct                           0x08002799   Thumb Code    20  lib_ascii.o(.text)
    ASCII_IsDigHex                           0x080027ad   Thumb Code    36  lib_ascii.o(.text)
    ASCII_IsBlank                            0x080027d1   Thumb Code    20  lib_ascii.o(.text)
    ASCII_IsSpace                            0x080027e5   Thumb Code    36  lib_ascii.o(.text)
    ASCII_IsPrint                            0x08002809   Thumb Code    20  lib_ascii.o(.text)
    ASCII_IsGraph                            0x0800281d   Thumb Code    20  lib_ascii.o(.text)
    ASCII_IsPunct                            0x08002831   Thumb Code   134  lib_ascii.o(.text)
    ASCII_IsCtrl                             0x080028b7   Thumb Code    26  lib_ascii.o(.text)
    ASCII_ToLower                            0x080028d1   Thumb Code    32  lib_ascii.o(.text)
    ASCII_ToUpper                            0x080028f1   Thumb Code    32  lib_ascii.o(.text)
    ASCII_Cmp                                0x08002911   Thumb Code    38  lib_ascii.o(.text)
    Mem_Init                                 0x08002939   Thumb Code    54  lib_mem.o(.text)
    Mem_Set                                  0x0800296f   Thumb Code    84  lib_mem.o(.text)
    Mem_Clr                                  0x080029c3   Thumb Code    18  lib_mem.o(.text)
    Mem_Move                                 0x080029d5   Thumb Code   186  lib_mem.o(.text)
    Mem_Cmp                                  0x08002a8f   Thumb Code   192  lib_mem.o(.text)
    Mem_HeapAlloc                            0x08002bc7   Thumb Code   168  lib_mem.o(.text)
    Mem_SegGetSizeRem                        0x08002c6f   Thumb Code   108  lib_mem.o(.text)
    Mem_HeapGetSizeRem                       0x08002cdb   Thumb Code    22  lib_mem.o(.text)
    Mem_PoolClr                              0x08002cf1   Thumb Code    80  lib_mem.o(.text)
    Mem_PoolCreate                           0x08002d41   Thumb Code   838  lib_mem.o(.text)
    Mem_PoolBlkGetNbrAvail                   0x08003087   Thumb Code    52  lib_mem.o(.text)
    Mem_PoolBlkGet                           0x080030bb   Thumb Code   126  lib_mem.o(.text)
    Mem_PoolBlkGetUsedAtIx                   0x08003139   Thumb Code   140  lib_mem.o(.text)
    Mem_PoolBlkFree                          0x080031c5   Thumb Code   152  lib_mem.o(.text)
    Mem_PoolBlkIxGet                         0x0800325d   Thumb Code   162  lib_mem.o(.text)
    Str_Len_N                                0x08003301   Thumb Code    28  lib_str.o(.text)
    Str_Len                                  0x0800331d   Thumb Code    20  lib_str.o(.text)
    Str_Copy_N                               0x08003331   Thumb Code    70  lib_str.o(.text)
    Str_Copy                                 0x08003377   Thumb Code    24  lib_str.o(.text)
    Str_Cat_N                                0x0800338f   Thumb Code    90  lib_str.o(.text)
    Str_Cat                                  0x080033e9   Thumb Code    24  lib_str.o(.text)
    Str_Cmp_N                                0x08003401   Thumb Code   156  lib_str.o(.text)
    Str_Cmp                                  0x0800349d   Thumb Code    24  lib_str.o(.text)
    Str_CmpIgnoreCase_N                      0x080034b5   Thumb Code   264  lib_str.o(.text)
    Str_CmpIgnoreCase                        0x080035bd   Thumb Code    24  lib_str.o(.text)
    Str_Char_N                               0x080035d5   Thumb Code    74  lib_str.o(.text)
    Str_Char                                 0x0800361f   Thumb Code    24  lib_str.o(.text)
    Str_Char_Last_N                          0x08003637   Thumb Code    76  lib_str.o(.text)
    Str_Char_Last                            0x08003683   Thumb Code    24  lib_str.o(.text)
    Str_Char_Replace_N                       0x0800369b   Thumb Code    52  lib_str.o(.text)
    Str_Char_Replace                         0x080036cf   Thumb Code    28  lib_str.o(.text)
    Str_Str_N                                0x080036eb   Thumb Code   182  lib_str.o(.text)
    Str_Str                                  0x080037a1   Thumb Code    24  lib_str.o(.text)
    Str_FmtNbr_Int32U                        0x08003995   Thumb Code    46  lib_str.o(.text)
    Str_FmtNbr_Int32S                        0x080039c3   Thumb Code    62  lib_str.o(.text)
    Str_ParseNbr_Int32U                      0x08003bbf   Thumb Code    30  lib_str.o(.text)
    Str_ParseNbr_Int32S                      0x08003bdd   Thumb Code    74  lib_str.o(.text)
    Mem_Copy                                 0x08003c2d   Thumb Code     0  lib_mem_a.o(.text)
    OSCfg_Init                               0x08003e4d   Thumb Code    86  os_cfg_app.o(.text)
    OS_IdleTask                              0x08003f49   Thumb Code    60  os_core.o(.text)
    OS_IdleTaskInit                          0x08003f85   Thumb Code    68  os_core.o(.text)
    OS_RdyListInit                           0x08003fc9   Thumb Code    32  os_core.o(.text)
    OSInit                                   0x08003fe9   Thumb Code   300  os_core.o(.text)
    OSIntEnter                               0x08004115   Thumb Code    34  os_core.o(.text)
    OSIntExit                                0x08004137   Thumb Code   192  os_core.o(.text)
    OSSched                                  0x080041f7   Thumb Code   134  os_core.o(.text)
    OS_SchedLockTimeMeasStart                0x0800427d   Thumb Code    20  os_core.o(.text)
    OSSchedLock                              0x08004291   Thumb Code   104  os_core.o(.text)
    OS_SchedLockTimeMeasStop                 0x080042f9   Thumb Code    44  os_core.o(.text)
    OSSchedUnlock                            0x08004325   Thumb Code   290  os_core.o(.text)
    OSSchedRoundRobinCfg                     0x08004447   Thumb Code    88  os_core.o(.text)
    OS_RdyListMoveHeadToTail                 0x0800449f   Thumb Code    68  os_core.o(.text)
    OSSchedRoundRobinYield                   0x080044e3   Thumb Code   164  os_core.o(.text)
    OSStart                                  0x08004587   Thumb Code    78  os_core.o(.text)
    OSVersion                                0x080045d5   Thumb Code    12  os_core.o(.text)
    OS_PendDbgNameAdd                        0x080045e1   Thumb Code    66  os_core.o(.text)
    OS_PendListInsertPrio                    0x08004623   Thumb Code   102  os_core.o(.text)
    OS_PendDataInit                          0x08004689   Thumb Code    38  os_core.o(.text)
    OS_RdyListRemove                         0x080046af   Thumb Code    86  os_core.o(.text)
    OS_TaskBlock                             0x08004705   Thumb Code    56  os_core.o(.text)
    OS_Pend                                  0x0800473d   Thumb Code    98  os_core.o(.text)
    OS_PendListRemove1                       0x0800479f   Thumb Code   134  os_core.o(.text)
    OS_PendListRemove                        0x08004825   Thumb Code    48  os_core.o(.text)
    OS_PendAbort1                            0x08004855   Thumb Code    36  os_core.o(.text)
    OS_RdyListInsertHead                     0x08004879   Thumb Code    58  os_core.o(.text)
    OS_RdyListInsertTail                     0x080048b3   Thumb Code    56  os_core.o(.text)
    OS_RdyListInsert                         0x080048eb   Thumb Code    40  os_core.o(.text)
    OS_TaskRdy                               0x08004913   Thumb Code    28  os_core.o(.text)
    OS_PendAbort                             0x0800492f   Thumb Code   166  os_core.o(.text)
    OS_PendDbgNameRemove                     0x080049d5   Thumb Code    34  os_core.o(.text)
    OS_PendListChangePrio                    0x080049f7   Thumb Code    70  os_core.o(.text)
    OS_PendListInit                          0x08004a3d   Thumb Code    10  os_core.o(.text)
    OS_PendListInsertHead                    0x08004a47   Thumb Code    32  os_core.o(.text)
    OS_PendObjDel1                           0x08004a67   Thumb Code    36  os_core.o(.text)
    OS_PendObjDel                            0x08004a8b   Thumb Code   162  os_core.o(.text)
    OS_Post1                                 0x08004b2d   Thumb Code    42  os_core.o(.text)
    OS_Post                                  0x08004b57   Thumb Code   192  os_core.o(.text)
    OS_Sched0                                0x08004c17   Thumb Code   102  os_core.o(.text)
    OS_SchedRoundRobin                       0x08004c7d   Thumb Code   190  os_core.o(.text)
    OS_Dbg_Init                              0x08004d4d   Thumb Code   146  os_dbg.o(.text)
    OS_FlagDbgListAdd                        0x08004efd   Thumb Code    38  os_flag.o(.text)
    OSFlagCreate                             0x08004f23   Thumb Code   172  os_flag.o(.text)
    OS_FlagClr                               0x08004fcf   Thumb Code    28  os_flag.o(.text)
    OS_FlagDbgListRemove                     0x08004feb   Thumb Code    44  os_flag.o(.text)
    OSFlagDel                                0x08005017   Thumb Code   594  os_flag.o(.text)
    OS_FlagBlock                             0x08005269   Thumb Code    58  os_flag.o(.text)
    OSFlagPend                               0x080052a3   Thumb Code  1488  os_flag.o(.text)
    OSFlagPendAbort                          0x08005873   Thumb Code   292  os_flag.o(.text)
    OSFlagPendGetFlagsRdy                    0x08005997   Thumb Code    68  os_flag.o(.text)
    OS_FlagTaskRdy                           0x080059db   Thumb Code    86  os_flag.o(.text)
    OS_FlagPost                              0x08005a31   Thumb Code   570  os_flag.o(.text)
    OSFlagPost                               0x08005c6b   Thumb Code   146  os_flag.o(.text)
    OS_FlagInit                              0x08005cfd   Thumb Code    14  os_flag.o(.text)
    OS_IntQPost                              0x08005d25   Thumb Code   216  os_int.o(.text)
    OS_IntQRePost                            0x08005dfd   Thumb Code   360  os_int.o(.text)
    OS_IntQTask                              0x08005f65   Thumb Code   162  os_int.o(.text)
    OS_IntQTaskInit                          0x08006007   Thumb Code   208  os_int.o(.text)
    OS_MemDbgListAdd                         0x08006169   Thumb Code    34  os_mem.o(.text)
    OSMemCreate                              0x0800618b   Thumb Code   288  os_mem.o(.text)
    OSMemGet                                 0x080062ab   Thumb Code   100  os_mem.o(.text)
    OSMemPut                                 0x0800630f   Thumb Code   112  os_mem.o(.text)
    OS_MemInit                               0x0800637f   Thumb Code    14  os_mem.o(.text)
    OS_MsgPoolCreate                         0x080063a1   Thumb Code    54  os_msg.o(.text)
    OS_MsgPoolInit                           0x080063d7   Thumb Code    70  os_msg.o(.text)
    OS_MsgQFreeAll                           0x0800641d   Thumb Code    62  os_msg.o(.text)
    OS_MsgQInit                              0x0800645b   Thumb Code    14  os_msg.o(.text)
    OS_MsgQGet                               0x08006469   Thumb Code    98  os_msg.o(.text)
    OS_MsgQPut                               0x080064cb   Thumb Code   246  os_msg.o(.text)
    OS_MutexDbgListAdd                       0x080065cd   Thumb Code    38  os_mutex.o(.text)
    OSMutexCreate                            0x080065f3   Thumb Code   178  os_mutex.o(.text)
    OS_MutexClr                              0x080066a5   Thumb Code    38  os_mutex.o(.text)
    OS_MutexDbgListRemove                    0x080066cb   Thumb Code    44  os_mutex.o(.text)
    OSMutexDel                               0x080066f7   Thumb Code   842  os_mutex.o(.text)
    OSMutexPend                              0x08006a41   Thumb Code   706  os_mutex.o(.text)
    OSMutexPendAbort                         0x08006d03   Thumb Code   314  os_mutex.o(.text)
    OSMutexPost                              0x08006e3d   Thumb Code   564  os_mutex.o(.text)
    OS_MutexInit                             0x08007071   Thumb Code    14  os_mutex.o(.text)
    OS_PrioInit                              0x080070a1   Thumb Code    20  os_prio.o(.text)
    OS_PrioGetHighest                        0x080070b5   Thumb Code    36  os_prio.o(.text)
    OS_PrioInsert                            0x080070d9   Thumb Code    32  os_prio.o(.text)
    OS_PrioRemove                            0x080070f9   Thumb Code    32  os_prio.o(.text)
    OS_QDbgListAdd                           0x0800711d   Thumb Code    38  os_q.o(.text)
    OSQCreate                                0x08007143   Thumb Code   186  os_q.o(.text)
    OS_QClr                                  0x080071fd   Thumb Code    40  os_q.o(.text)
    OS_QDbgListRemove                        0x08007225   Thumb Code    44  os_q.o(.text)
    OSQDel                                   0x08007251   Thumb Code   362  os_q.o(.text)
    OSQFlush                                 0x080073bb   Thumb Code   210  os_q.o(.text)
    OSQPend                                  0x0800748d   Thumb Code   538  os_q.o(.text)
    OSQPendAbort                             0x080076a7   Thumb Code   292  os_q.o(.text)
    OS_QPost                                 0x080077cb   Thumb Code   324  os_q.o(.text)
    OSQPost                                  0x0800790f   Thumb Code   198  os_q.o(.text)
    OS_QInit                                 0x080079d5   Thumb Code    14  os_q.o(.text)
    OS_SemDbgListAdd                         0x080079f5   Thumb Code    38  os_sem.o(.text)
    OSSemCreate                              0x08007a1b   Thumb Code   172  os_sem.o(.text)
    OS_SemClr                                0x08007ac7   Thumb Code    28  os_sem.o(.text)
    OS_SemDbgListRemove                      0x08007ae3   Thumb Code    44  os_sem.o(.text)
    OSSemDel                                 0x08007b0f   Thumb Code   362  os_sem.o(.text)
    OSSemPend                                0x08007c79   Thumb Code   504  os_sem.o(.text)
    OSSemPendAbort                           0x08007e71   Thumb Code   292  os_sem.o(.text)
    OS_SemPost                               0x08007f95   Thumb Code   350  os_sem.o(.text)
    OSSemPost                                0x080080f3   Thumb Code   144  os_sem.o(.text)
    OSSemSet                                 0x08008183   Thumb Code   138  os_sem.o(.text)
    OS_SemInit                               0x0800820d   Thumb Code    14  os_sem.o(.text)
    OSStatReset                              0x08008225   Thumb Code   270  os_stat.o(.text)
    OSStatTaskCPUUsageInit                   0x08008333   Thumb Code   212  os_stat.o(.text)
    OS_StatTask                              0x08008407   Thumb Code   888  os_stat.o(.text)
    OS_StatTaskInit                          0x0800877f   Thumb Code   138  os_stat.o(.text)
    OSTaskChangePrio                         0x0800885d   Thumb Code   416  os_task.o(.text)
    OS_TaskDbgListAdd                        0x080089fd   Thumb Code    42  os_task.o(.text)
    OS_TaskInitTCB                           0x08008a27   Thumb Code   186  os_task.o(.text)
    OSTaskCreate                             0x08008ae1   Thumb Code   616  os_task.o(.text)
    OS_TaskDbgListRemove                     0x08008d49   Thumb Code    64  os_task.o(.text)
    OSTaskDel                                0x08008d89   Thumb Code   424  os_task.o(.text)
    OSTaskQFlush                             0x08008f31   Thumb Code   214  os_task.o(.text)
    OSTaskQPend                              0x08009007   Thumb Code   554  os_task.o(.text)
    OSTaskQPendAbort                         0x08009231   Thumb Code   242  os_task.o(.text)
    OS_TaskQPost                             0x08009323   Thumb Code   526  os_task.o(.text)
    OSTaskQPost                              0x08009531   Thumb Code   114  os_task.o(.text)
    OSTaskRegGet                             0x080095a3   Thumb Code    78  os_task.o(.text)
    OSTaskRegGetID                           0x080095f1   Thumb Code    84  os_task.o(.text)
    OSTaskRegSet                             0x08009645   Thumb Code    78  os_task.o(.text)
    OS_TaskResume                            0x08009693   Thumb Code   314  os_task.o(.text)
    OSTaskResume                             0x080097cd   Thumb Code   112  os_task.o(.text)
    OSTaskSemPend                            0x0800983d   Thumb Code   550  os_task.o(.text)
    OSTaskSemPendAbort                       0x08009a63   Thumb Code   270  os_task.o(.text)
    OS_TaskSemPost                           0x08009b71   Thumb Code  1224  os_task.o(.text)
    OSTaskSemPost                            0x0800a039   Thumb Code    98  os_task.o(.text)
    OSTaskSemSet                             0x0800a09b   Thumb Code    80  os_task.o(.text)
    OSTaskStkChk                             0x0800a0eb   Thumb Code   224  os_task.o(.text)
    OS_TaskSuspend                           0x0800a1cb   Thumb Code   328  os_task.o(.text)
    OSTaskSuspend                            0x0800a313   Thumb Code    78  os_task.o(.text)
    OSTaskTimeQuantaSet                      0x0800a361   Thumb Code    96  os_task.o(.text)
    OS_TaskInit                              0x0800a3c1   Thumb Code    18  os_task.o(.text)
    OS_TaskReturn                            0x0800a3d3   Thumb Code    20  os_task.o(.text)
    OS_TickListRemove                        0x0800a411   Thumb Code    56  os_tick.o(.text)
    OS_TickListUpdate                        0x0800a449   Thumb Code   480  os_tick.o(.text)
    OS_TickTask                              0x0800a629   Thumb Code    38  os_tick.o(.text)
    OS_TickListInit                          0x0800a64f   Thumb Code    32  os_tick.o(.text)
    OS_TickTaskInit                          0x0800a66f   Thumb Code   130  os_tick.o(.text)
    OS_TickListInsert                        0x0800a6f1   Thumb Code   502  os_tick.o(.text)
    OS_TickListResetPeak                     0x0800a8e7   Thumb Code    28  os_tick.o(.text)
    OSTimeDly                                0x0800a90d   Thumb Code   266  os_time.o(.text)
    OSTimeDlyHMSM                            0x0800aa17   Thumb Code   480  os_time.o(.text)
    OSTimeDlyResume                          0x0800abf7   Thumb Code   466  os_time.o(.text)
    OSTimeGet                                0x0800adc9   Thumb Code    46  os_time.o(.text)
    OSTimeSet                                0x0800adf7   Thumb Code    46  os_time.o(.text)
    OSTimeTick                               0x0800ae25   Thumb Code    54  os_time.o(.text)
    OS_TmrDbgListAdd                         0x0800ae71   Thumb Code    34  os_tmr.o(.text)
    OSTmrCreate                              0x0800ae93   Thumb Code   248  os_tmr.o(.text)
    OS_TmrClr                                0x0800af8b   Thumb Code    36  os_tmr.o(.text)
    OS_TmrUnlink                             0x0800afaf   Thumb Code    72  os_tmr.o(.text)
    OS_TmrDbgListRemove                      0x0800aff7   Thumb Code    44  os_tmr.o(.text)
    OSTmrDel                                 0x0800b023   Thumb Code   176  os_tmr.o(.text)
    OSTmrRemainGet                           0x0800b0d3   Thumb Code   184  os_tmr.o(.text)
    OS_TmrLink                               0x0800b18b   Thumb Code   196  os_tmr.o(.text)
    OSTmrStart                               0x0800b24f   Thumb Code   210  os_tmr.o(.text)
    OSTmrStateGet                            0x0800b321   Thumb Code   134  os_tmr.o(.text)
    OSTmrStop                                0x0800b3a7   Thumb Code   232  os_tmr.o(.text)
    OS_TmrTask                               0x0800b48f   Thumb Code   176  os_tmr.o(.text)
    OS_TmrInit                               0x0800b53f   Thumb Code   208  os_tmr.o(.text)
    OS_TmrResetPeak                          0x0800b60f   Thumb Code    28  os_tmr.o(.text)
    OSIdleTaskHook                           0x0800b689   Thumb Code    16  os_cpu_c.o(.text)
    OSInitHook                               0x0800b699   Thumb Code    42  os_cpu_c.o(.text)
    OSStatTaskHook                           0x0800b6c3   Thumb Code    16  os_cpu_c.o(.text)
    OSTaskCreateHook                         0x0800b6d3   Thumb Code    20  os_cpu_c.o(.text)
    OSTaskDelHook                            0x0800b6e7   Thumb Code    20  os_cpu_c.o(.text)
    OSTaskReturnHook                         0x0800b6fb   Thumb Code    20  os_cpu_c.o(.text)
    OSTaskStkInit                            0x0800b70f   Thumb Code   188  os_cpu_c.o(.text)
    OSTaskSwHook                             0x0800b7cb   Thumb Code   120  os_cpu_c.o(.text)
    OSTimeTickHook                           0x0800b843   Thumb Code    16  os_cpu_c.o(.text)
    OS_CPU_SysTickHandler                    0x0800b853   Thumb Code    52  os_cpu_c.o(.text)
    OS_CPU_SysTickInit                       0x0800b887   Thumb Code    44  os_cpu_c.o(.text)
    __use_no_semihosting                     0x0800b8f5   Thumb Code     2  use_no_semi_2.o(.text)
    __aeabi_uldivmod                         0x0800b8f7   Thumb Code     0  lludivv7m.o(.text)
    _ll_udiv                                 0x0800b8f7   Thumb Code   238  lludivv7m.o(.text)
    __2printf                                0x0800b9e5   Thumb Code    20  noretval__2printf.o(.text)
    __aeabi_memset                           0x0800b9fd   Thumb Code    16  aeabi_memset.o(.text)
    __use_two_region_memory                  0x0800ba0d   Thumb Code     2  heapauxi.o(.text)
    __rt_heap_escrow$2region                 0x0800ba0f   Thumb Code     2  heapauxi.o(.text)
    __rt_heap_expand$2region                 0x0800ba11   Thumb Code     2  heapauxi.o(.text)
    __I$use$semihosting                      0x0800ba13   Thumb Code     0  use_no_semi.o(.text)
    __use_no_semihosting_swi                 0x0800ba13   Thumb Code     2  use_no_semi.o(.text)
    _printf_char_file                        0x0800ba15   Thumb Code    32  _printf_char_file.o(.text)
    __aeabi_memclr                           0x0800ba39   Thumb Code     0  rt_memclr.o(.text)
    __rt_memclr                              0x0800ba39   Thumb Code    68  rt_memclr.o(.text)
    _memset                                  0x0800ba3d   Thumb Code     0  rt_memclr.o(.text)
    _printf_char_common                      0x0800ba87   Thumb Code    32  _printf_char_common.o(.text)
    ferror                                   0x0800baad   Thumb Code     8  ferror.o(.text)
    __aeabi_memclr4                          0x0800bab5   Thumb Code     0  rt_memclr_w.o(.text)
    __aeabi_memclr8                          0x0800bab5   Thumb Code     0  rt_memclr_w.o(.text)
    __rt_memclr_w                            0x0800bab5   Thumb Code    78  rt_memclr_w.o(.text)
    _memset_w                                0x0800bab9   Thumb Code     0  rt_memclr_w.o(.text)
    __user_setup_stackheap                   0x0800bb03   Thumb Code    74  sys_stackheap_outer.o(.text)
    __printf                                 0x0800bb4d   Thumb Code    40  __printf_nopercent.o(.text)
    exit                                     0x0800bb75   Thumb Code    18  exit.o(.text)
    __user_libspace                          0x0800bb89   Thumb Code     8  libspace.o(.text)
    __user_perproc_libspace                  0x0800bb89   Thumb Code     0  libspace.o(.text)
    __user_perthread_libspace                0x0800bb89   Thumb Code     0  libspace.o(.text)
    OSStartHighRdy                           0x0800bb91   Thumb Code     0  os_cpu_a.o(CODE)
    PendSV_Handler                           0x0800bbc7   Thumb Code     0  os_cpu_a.o(CODE)
    F6x8                                     0x0800bc28   Data         552  oledgui.o(.constdata)
    LOAD1                                    0x0800be50   Data         200  oledgui.o(.constdata)
    LOAD2                                    0x0800bf18   Data         200  oledgui.o(.constdata)
    LOAD3                                    0x0800bfe0   Data         200  oledgui.o(.constdata)
    CPU_EndiannessTest                       0x0800c1a8   Data           4  cpu_core.o(.constdata)
    OSCfg_IdleTaskStkBasePtr                 0x0800c240   Data           4  os_cfg_app.o(.constdata)
    OSCfg_IdleTaskStkLimit                   0x0800c244   Data           4  os_cfg_app.o(.constdata)
    OSCfg_IdleTaskStkSize                    0x0800c248   Data           4  os_cfg_app.o(.constdata)
    OSCfg_IdleTaskStkSizeRAM                 0x0800c24c   Data           4  os_cfg_app.o(.constdata)
    OSCfg_IntQBasePtr                        0x0800c250   Data           4  os_cfg_app.o(.constdata)
    OSCfg_IntQSize                           0x0800c254   Data           2  os_cfg_app.o(.constdata)
    OSCfg_IntQSizeRAM                        0x0800c258   Data           4  os_cfg_app.o(.constdata)
    OSCfg_IntQTaskStkBasePtr                 0x0800c25c   Data           4  os_cfg_app.o(.constdata)
    OSCfg_IntQTaskStkLimit                   0x0800c260   Data           4  os_cfg_app.o(.constdata)
    OSCfg_IntQTaskStkSize                    0x0800c264   Data           4  os_cfg_app.o(.constdata)
    OSCfg_IntQTaskStkSizeRAM                 0x0800c268   Data           4  os_cfg_app.o(.constdata)
    OSCfg_ISRStkBasePtr                      0x0800c26c   Data           4  os_cfg_app.o(.constdata)
    OSCfg_ISRStkSize                         0x0800c270   Data           4  os_cfg_app.o(.constdata)
    OSCfg_ISRStkSizeRAM                      0x0800c274   Data           4  os_cfg_app.o(.constdata)
    OSCfg_MsgPoolSize                        0x0800c278   Data           2  os_cfg_app.o(.constdata)
    OSCfg_MsgPoolSizeRAM                     0x0800c27c   Data           4  os_cfg_app.o(.constdata)
    OSCfg_MsgPoolBasePtr                     0x0800c280   Data           4  os_cfg_app.o(.constdata)
    OSCfg_StatTaskPrio                       0x0800c284   Data           1  os_cfg_app.o(.constdata)
    OSCfg_StatTaskRate_Hz                    0x0800c288   Data           4  os_cfg_app.o(.constdata)
    OSCfg_StatTaskStkBasePtr                 0x0800c28c   Data           4  os_cfg_app.o(.constdata)
    OSCfg_StatTaskStkLimit                   0x0800c290   Data           4  os_cfg_app.o(.constdata)
    OSCfg_StatTaskStkSize                    0x0800c294   Data           4  os_cfg_app.o(.constdata)
    OSCfg_StatTaskStkSizeRAM                 0x0800c298   Data           4  os_cfg_app.o(.constdata)
    OSCfg_StkSizeMin                         0x0800c29c   Data           4  os_cfg_app.o(.constdata)
    OSCfg_TickRate_Hz                        0x0800c2a0   Data           4  os_cfg_app.o(.constdata)
    OSCfg_TickTaskPrio                       0x0800c2a4   Data           1  os_cfg_app.o(.constdata)
    OSCfg_TickTaskStkBasePtr                 0x0800c2a8   Data           4  os_cfg_app.o(.constdata)
    OSCfg_TickTaskStkLimit                   0x0800c2ac   Data           4  os_cfg_app.o(.constdata)
    OSCfg_TickTaskStkSize                    0x0800c2b0   Data           4  os_cfg_app.o(.constdata)
    OSCfg_TickTaskStkSizeRAM                 0x0800c2b4   Data           4  os_cfg_app.o(.constdata)
    OSCfg_TickWheelSize                      0x0800c2b8   Data           2  os_cfg_app.o(.constdata)
    OSCfg_TickWheelSizeRAM                   0x0800c2bc   Data           4  os_cfg_app.o(.constdata)
    OSCfg_TmrTaskPrio                        0x0800c2c0   Data           1  os_cfg_app.o(.constdata)
    OSCfg_TmrTaskRate_Hz                     0x0800c2c4   Data           4  os_cfg_app.o(.constdata)
    OSCfg_TmrTaskStkBasePtr                  0x0800c2c8   Data           4  os_cfg_app.o(.constdata)
    OSCfg_TmrTaskStkLimit                    0x0800c2cc   Data           4  os_cfg_app.o(.constdata)
    OSCfg_TmrTaskStkSize                     0x0800c2d0   Data           4  os_cfg_app.o(.constdata)
    OSCfg_TmrTaskStkSizeRAM                  0x0800c2d4   Data           4  os_cfg_app.o(.constdata)
    OSCfg_TmrWheelSize                       0x0800c2d8   Data           2  os_cfg_app.o(.constdata)
    OSCfg_TmrWheelSizeRAM                    0x0800c2dc   Data           4  os_cfg_app.o(.constdata)
    OSCfg_DataSizeRAM                        0x0800c2e0   Data           4  os_cfg_app.o(.constdata)
    OSDbg_DbgEn                              0x0800c2e4   Data           2  os_dbg.o(.constdata)
    OSDbg_ArgChkEn                           0x0800c2e6   Data           1  os_dbg.o(.constdata)
    OSDbg_AppHooksEn                         0x0800c2e7   Data           1  os_dbg.o(.constdata)
    OSDbg_EndiannessTest                     0x0800c2e8   Data           4  os_dbg.o(.constdata)
    OSDbg_CalledFromISRChkEn                 0x0800c2ec   Data           1  os_dbg.o(.constdata)
    OSDbg_FlagEn                             0x0800c2ed   Data           1  os_dbg.o(.constdata)
    OSDbg_FlagGrp                            0x0800c2f0   Data          40  os_dbg.o(.constdata)
    OSDbg_FlagDelEn                          0x0800c318   Data           1  os_dbg.o(.constdata)
    OSDbg_FlagModeClrEn                      0x0800c319   Data           1  os_dbg.o(.constdata)
    OSDbg_FlagPendAbortEn                    0x0800c31a   Data           1  os_dbg.o(.constdata)
    OSDbg_FlagGrpSize                        0x0800c31c   Data           2  os_dbg.o(.constdata)
    OSDbg_FlagWidth                          0x0800c31e   Data           2  os_dbg.o(.constdata)
    OSDbg_IntQ                               0x0800c320   Data           2  os_dbg.o(.constdata)
    OSDbg_ISRPostDeferredEn                  0x0800c322   Data           1  os_dbg.o(.constdata)
    OSDbg_Mem                                0x0800c324   Data          32  os_dbg.o(.constdata)
    OSDbg_MemEn                              0x0800c344   Data           1  os_dbg.o(.constdata)
    OSDbg_MemSize                            0x0800c346   Data           2  os_dbg.o(.constdata)
    OSDbg_MsgEn                              0x0800c348   Data           1  os_dbg.o(.constdata)
    OSDbg_MsgSize                            0x0800c34a   Data           2  os_dbg.o(.constdata)
    OSDbg_MsgPoolSize                        0x0800c34c   Data           2  os_dbg.o(.constdata)
    OSDbg_MsgQSize                           0x0800c34e   Data           2  os_dbg.o(.constdata)
    OSDbg_Mutex                              0x0800c350   Data          44  os_dbg.o(.constdata)
    OSDbg_MutexEn                            0x0800c37c   Data           1  os_dbg.o(.constdata)
    OSDbg_MutexDelEn                         0x0800c37d   Data           1  os_dbg.o(.constdata)
    OSDbg_MutexPendAbortEn                   0x0800c37e   Data           1  os_dbg.o(.constdata)
    OSDbg_MutexSize                          0x0800c380   Data           2  os_dbg.o(.constdata)
    OSDbg_ObjTypeChkEn                       0x0800c382   Data           1  os_dbg.o(.constdata)
    OSDbg_PendMultiEn                        0x0800c383   Data           1  os_dbg.o(.constdata)
    OSDbg_PendDataSize                       0x0800c384   Data           2  os_dbg.o(.constdata)
    OSDbg_PendListSize                       0x0800c386   Data           2  os_dbg.o(.constdata)
    OSDbg_PendObjSize                        0x0800c388   Data           2  os_dbg.o(.constdata)
    OSDbg_PrioMax                            0x0800c38a   Data           2  os_dbg.o(.constdata)
    OSDbg_PrioTblSize                        0x0800c38c   Data           2  os_dbg.o(.constdata)
    OSDbg_PtrSize                            0x0800c38e   Data           2  os_dbg.o(.constdata)
    OSDbg_Q                                  0x0800c390   Data          48  os_dbg.o(.constdata)
    OSDbg_QEn                                0x0800c3c0   Data           1  os_dbg.o(.constdata)
    OSDbg_QDelEn                             0x0800c3c1   Data           1  os_dbg.o(.constdata)
    OSDbg_QFlushEn                           0x0800c3c2   Data           1  os_dbg.o(.constdata)
    OSDbg_QPendAbortEn                       0x0800c3c3   Data           1  os_dbg.o(.constdata)
    OSDbg_QSize                              0x0800c3c4   Data           2  os_dbg.o(.constdata)
    OSDbg_SchedRoundRobinEn                  0x0800c3c6   Data           1  os_dbg.o(.constdata)
    OSDbg_Sem                                0x0800c3c8   Data          40  os_dbg.o(.constdata)
    OSDbg_SemEn                              0x0800c3f0   Data           1  os_dbg.o(.constdata)
    OSDbg_SemDelEn                           0x0800c3f1   Data           1  os_dbg.o(.constdata)
    OSDbg_SemPendAbortEn                     0x0800c3f2   Data           1  os_dbg.o(.constdata)
    OSDbg_SemSetEn                           0x0800c3f3   Data           1  os_dbg.o(.constdata)
    OSDbg_SemSize                            0x0800c3f4   Data           2  os_dbg.o(.constdata)
    OSDbg_RdyList                            0x0800c3f6   Data           2  os_dbg.o(.constdata)
    OSDbg_RdyListSize                        0x0800c3f8   Data           4  os_dbg.o(.constdata)
    OSDbg_StkWidth                           0x0800c3fc   Data           1  os_dbg.o(.constdata)
    OSDbg_StatTaskEn                         0x0800c3fd   Data           1  os_dbg.o(.constdata)
    OSDbg_StatTaskStkChkEn                   0x0800c3fe   Data           1  os_dbg.o(.constdata)
    OSDbg_TaskChangePrioEn                   0x0800c3ff   Data           1  os_dbg.o(.constdata)
    OSDbg_TaskDelEn                          0x0800c400   Data           1  os_dbg.o(.constdata)
    OSDbg_TaskQEn                            0x0800c401   Data           1  os_dbg.o(.constdata)
    OSDbg_TaskQPendAbortEn                   0x0800c402   Data           1  os_dbg.o(.constdata)
    OSDbg_TaskProfileEn                      0x0800c403   Data           1  os_dbg.o(.constdata)
    OSDbg_TaskRegTblSize                     0x0800c404   Data           2  os_dbg.o(.constdata)
    OSDbg_TaskSemPendAbortEn                 0x0800c406   Data           1  os_dbg.o(.constdata)
    OSDbg_TaskSuspendEn                      0x0800c407   Data           1  os_dbg.o(.constdata)
    OSDbg_TCBSize                            0x0800c408   Data           2  os_dbg.o(.constdata)
    OSDbg_TickSpokeSize                      0x0800c40a   Data           2  os_dbg.o(.constdata)
    OSDbg_TimeDlyHMSMEn                      0x0800c40c   Data           1  os_dbg.o(.constdata)
    OSDbg_TimeDlyResumeEn                    0x0800c40d   Data           1  os_dbg.o(.constdata)
    OSDbg_TLS_TblSize                        0x0800c40e   Data           2  os_dbg.o(.constdata)
    OSDbg_Tmr                                0x0800c410   Data          52  os_dbg.o(.constdata)
    OSDbg_TmrEn                              0x0800c444   Data           1  os_dbg.o(.constdata)
    OSDbg_TmrDelEn                           0x0800c445   Data           1  os_dbg.o(.constdata)
    OSDbg_TmrSize                            0x0800c446   Data           2  os_dbg.o(.constdata)
    OSDbg_TmrSpokeSize                       0x0800c448   Data           2  os_dbg.o(.constdata)
    OSDbg_VersionNbr                         0x0800c44a   Data           2  os_dbg.o(.constdata)
    OSDbg_DataSize                           0x0800c44c   Data           4  os_dbg.o(.constdata)
    Region$$Table$$Base                      0x0800c450   Number         0  anon$$obj.o(Region$$Table)
    Region$$Table$$Limit                     0x0800c470   Number         0  anon$$obj.o(Region$$Table)
    SystemCoreClock                          0x20000000   Data           4  system_stm32f10x.o(.data)
    AHBPrescTable                            0x20000004   Data          16  system_stm32f10x.o(.data)
    Hzk                                      0x2000002c   Data         256  oledgui.o(.data)
    Clock_Num30X32                           0x2000012c   Data        1320  oledgui.o(.data)
    Clock_Num20X32                           0x20000654   Data         840  oledgui.o(.data)
    Clock_Num10X16                           0x2000099c   Data         210  oledgui.o(.data)
    BMP1                                     0x20000a6e   Data        1024  oledgui.o(.data)
    BMP2                                     0x20000e6e   Data        1024  oledgui.o(.data)
    __stdout                                 0x20001274   Data           4  usart.o(.data)
    USART_RX_STA                             0x20001278   Data           2  usart.o(.data)
    CPU_TS_TmrFreq_Hz                        0x20001290   Data           4  cpu_core.o(.data)
    Mem_PoolTbl                              0x20001294   Data           4  lib_mem.o(.data)
    OSPrioTbl                                0x20001298   Data           8  os_prio.o(.data)
    OS_AppTaskCreateHookPtr                  0x200012a0   Data           4  os_var.o(.data)
    OS_AppTaskDelHookPtr                     0x200012a4   Data           4  os_var.o(.data)
    OS_AppTaskReturnHookPtr                  0x200012a8   Data           4  os_var.o(.data)
    OS_AppIdleTaskHookPtr                    0x200012ac   Data           4  os_var.o(.data)
    OS_AppStatTaskHookPtr                    0x200012b0   Data           4  os_var.o(.data)
    OS_AppTaskSwHookPtr                      0x200012b4   Data           4  os_var.o(.data)
    OS_AppTimeTickHookPtr                    0x200012b8   Data           4  os_var.o(.data)
    OSIdleTaskCtr                            0x200012bc   Data           4  os_var.o(.data)
    OSIntNestingCtr                          0x200012c0   Data           1  os_var.o(.data)
    OSRunning                                0x200012c1   Data           1  os_var.o(.data)
    OSIntQInPtr                              0x200012c4   Data           4  os_var.o(.data)
    OSIntQOutPtr                             0x200012c8   Data           4  os_var.o(.data)
    OSIntQNbrEntries                         0x200012cc   Data           2  os_var.o(.data)
    OSIntQNbrEntriesMax                      0x200012ce   Data           2  os_var.o(.data)
    OSIntQOvfCtr                             0x200012d0   Data           2  os_var.o(.data)
    OSIntQTaskTimeMax                        0x200012d4   Data           4  os_var.o(.data)
    OSFlagDbgListPtr                         0x200012d8   Data           4  os_var.o(.data)
    OSFlagQty                                0x200012dc   Data           2  os_var.o(.data)
    OSMemDbgListPtr                          0x200012e0   Data           4  os_var.o(.data)
    OSMemQty                                 0x200012e4   Data           2  os_var.o(.data)
    OSMutexDbgListPtr                        0x200012e8   Data           4  os_var.o(.data)
    OSMutexQty                               0x200012ec   Data           2  os_var.o(.data)
    OSPrioCur                                0x200012ee   Data           1  os_var.o(.data)
    OSPrioHighRdy                            0x200012ef   Data           1  os_var.o(.data)
    OSPrioSaved                              0x200012f0   Data           1  os_var.o(.data)
    OSQDbgListPtr                            0x200012f4   Data           4  os_var.o(.data)
    OSQQty                                   0x200012f8   Data           2  os_var.o(.data)
    OSSchedLockTimeBegin                     0x200012fc   Data           4  os_var.o(.data)
    OSSchedLockTimeMax                       0x20001300   Data           4  os_var.o(.data)
    OSSchedLockTimeMaxCur                    0x20001304   Data           4  os_var.o(.data)
    OSSchedLockNestingCtr                    0x20001308   Data           1  os_var.o(.data)
    OSSchedRoundRobinDfltTimeQuanta          0x2000130c   Data           4  os_var.o(.data)
    OSSchedRoundRobinEn                      0x20001310   Data           1  os_var.o(.data)
    OSSemDbgListPtr                          0x20001314   Data           4  os_var.o(.data)
    OSSemQty                                 0x20001318   Data           2  os_var.o(.data)
    OSStatResetFlag                          0x2000131a   Data           1  os_var.o(.data)
    OSStatTaskCPUUsage                       0x2000131c   Data           2  os_var.o(.data)
    OSStatTaskCPUUsageMax                    0x2000131e   Data           2  os_var.o(.data)
    OSStatTaskCtr                            0x20001320   Data           4  os_var.o(.data)
    OSStatTaskCtrMax                         0x20001324   Data           4  os_var.o(.data)
    OSStatTaskCtrRun                         0x20001328   Data           4  os_var.o(.data)
    OSStatTaskRdy                            0x2000132c   Data           1  os_var.o(.data)
    OSStatTaskTimeMax                        0x20001330   Data           4  os_var.o(.data)
    OSTaskCtxSwCtr                           0x20001334   Data           4  os_var.o(.data)
    OSTaskDbgListPtr                         0x20001338   Data           4  os_var.o(.data)
    OSTaskQty                                0x2000133c   Data           2  os_var.o(.data)
    OSTaskRegNextAvailID                     0x2000133e   Data           1  os_var.o(.data)
    OSTickCtr                                0x20001340   Data           4  os_var.o(.data)
    OSTickTaskTimeMax                        0x20001344   Data           4  os_var.o(.data)
    OSTmrDbgListPtr                          0x20001348   Data           4  os_var.o(.data)
    OSTmrQty                                 0x2000134c   Data           2  os_var.o(.data)
    OSTmrTaskTimeMax                         0x20001350   Data           4  os_var.o(.data)
    OSTmrTickCtr                             0x20001354   Data           4  os_var.o(.data)
    OSTmrUpdateCnt                           0x20001358   Data           4  os_var.o(.data)
    OSTmrUpdateCtr                           0x2000135c   Data           4  os_var.o(.data)
    OSTCBCurPtr                              0x20001360   Data           4  os_var.o(.data)
    OSTCBHighRdyPtr                          0x20001364   Data           4  os_var.o(.data)
    OS_CPU_ExceptStkBase                     0x20001368   Data           4  os_cpu_c.o(.data)
    StartTaskTCB                             0x20001370   Data         196  main.o(.bss)
    START_TASK_STK                           0x20001434   Data        2048  main.o(.bss)
    Led0TaskTCB                              0x20001c34   Data         196  main.o(.bss)
    LED0_TASK_STK                            0x20001cf8   Data         512  main.o(.bss)
    ShowTaskTCB                              0x20001ef8   Data         196  main.o(.bss)
    Show_TASK_STK                            0x20001fc0   Data         512  main.o(.bss)
    OLED_GRAM                                0x200021c0   Data        1024  oledgui.o(.bss)
    USART_RX_BUF                             0x200025c0   Data         200  usart.o(.bss)
    CPU_Name                                 0x20002688   Data          16  cpu_core.o(.bss)
    Mem_PoolHeap                             0x20002698   Data          72  lib_mem.o(.bss)
    Mem_Heap                                 0x200026e0   Data        1024  lib_mem.o(.bss)
    OSCfg_IdleTaskStk                        0x20002ae0   Data         512  os_cfg_app.o(.bss)
    OSCfg_IntQ                               0x20002ce0   Data         320  os_cfg_app.o(.bss)
    OSCfg_IntQTaskStk                        0x20002e20   Data         512  os_cfg_app.o(.bss)
    OSCfg_ISRStk                             0x20003020   Data         512  os_cfg_app.o(.bss)
    OSCfg_MsgPool                            0x20003220   Data        1600  os_cfg_app.o(.bss)
    OSCfg_StatTaskStk                        0x20003860   Data         512  os_cfg_app.o(.bss)
    OSCfg_TickTaskStk                        0x20003a60   Data         512  os_cfg_app.o(.bss)
    OSCfg_TickWheel                          0x20003c60   Data         136  os_cfg_app.o(.bss)
    OSCfg_TmrTaskStk                         0x20003ce8   Data         512  os_cfg_app.o(.bss)
    OSCfg_TmrWheel                           0x20003ee8   Data         136  os_cfg_app.o(.bss)
    OSIdleTaskTCB                            0x20003f70   Data         196  os_var.o(.bss)
    OSIntQTaskTCB                            0x20004034   Data         196  os_var.o(.bss)
    OSMsgPool                                0x200040f8   Data          12  os_var.o(.bss)
    OSRdyList                                0x20004104   Data         768  os_var.o(.bss)
    OSStatTaskTCB                            0x20004404   Data         196  os_var.o(.bss)
    OSTickTaskTCB                            0x200044c8   Data         196  os_var.o(.bss)
    OSTmrTaskTCB                             0x2000458c   Data         196  os_var.o(.bss)
    __libspace_start                         0x20004650   Data          96  libspace.o(.bss)
    __temporary_stack_top$libspace           0x200046b0   Data           0  libspace.o(.bss)



==============================================================================

Memory Map of the image

  Image Entry point : 0x08000131

  Load Region LR_IROM1 (Base: 0x08000000, Size: 0x0000d7dc, Max: 0x00080000, ABSOLUTE, COMPRESSED[0x0000cae0])

    Execution Region ER_IROM1 (Exec base: 0x08000000, Load base: 0x08000000, Size: 0x0000c470, Max: 0x00080000, ABSOLUTE)

    Exec Addr    Load Addr    Size         Type   Attr      Idx    E Section Name        Object

    0x08000000   0x08000000   0x00000130   Data   RO          345    RESET               startup_stm32f10x_hd.o
    0x08000130   0x08000130   0x00000008   Code   RO          838  * !!!main             c_w.l(__main.o)
    0x08000138   0x08000138   0x00000034   Code   RO         1019    !!!scatter          c_w.l(__scatter.o)
    0x0800016c   0x0800016c   0x00000064   Code   RO         1017    !!dclz77c           c_w.l(__dclz77c.o)
    0x080001d0   0x080001d0   0x0000001c   Code   RO         1021    !!handler_zi        c_w.l(__scatter_zi.o)
    0x080001ec   0x080001ec   0x00000002   Code   RO          891    .ARM.Collect$$libinit$$00000000  c_w.l(libinit.o)
    0x080001ee   0x080001ee   0x00000000   Code   RO          904    .ARM.Collect$$libinit$$00000002  c_w.l(libinit2.o)
    0x080001ee   0x080001ee   0x00000000   Code   RO          906    .ARM.Collect$$libinit$$00000004  c_w.l(libinit2.o)
    0x080001ee   0x080001ee   0x00000000   Code   RO          909    .ARM.Collect$$libinit$$0000000A  c_w.l(libinit2.o)
    0x080001ee   0x080001ee   0x00000000   Code   RO          911    .ARM.Collect$$libinit$$0000000C  c_w.l(libinit2.o)
    0x080001ee   0x080001ee   0x00000000   Code   RO          913    .ARM.Collect$$libinit$$0000000E  c_w.l(libinit2.o)
    0x080001ee   0x080001ee   0x00000000   Code   RO          916    .ARM.Collect$$libinit$$00000011  c_w.l(libinit2.o)
    0x080001ee   0x080001ee   0x00000000   Code   RO          918    .ARM.Collect$$libinit$$00000013  c_w.l(libinit2.o)
    0x080001ee   0x080001ee   0x00000000   Code   RO          920    .ARM.Collect$$libinit$$00000015  c_w.l(libinit2.o)
    0x080001ee   0x080001ee   0x00000000   Code   RO          922    .ARM.Collect$$libinit$$00000017  c_w.l(libinit2.o)
    0x080001ee   0x080001ee   0x00000000   Code   RO          924    .ARM.Collect$$libinit$$00000019  c_w.l(libinit2.o)
    0x080001ee   0x080001ee   0x00000000   Code   RO          926    .ARM.Collect$$libinit$$0000001B  c_w.l(libinit2.o)
    0x080001ee   0x080001ee   0x00000000   Code   RO          928    .ARM.Collect$$libinit$$0000001D  c_w.l(libinit2.o)
    0x080001ee   0x080001ee   0x00000000   Code   RO          930    .ARM.Collect$$libinit$$0000001F  c_w.l(libinit2.o)
    0x080001ee   0x080001ee   0x00000000   Code   RO          932    .ARM.Collect$$libinit$$00000021  c_w.l(libinit2.o)
    0x080001ee   0x080001ee   0x00000000   Code   RO          934    .ARM.Collect$$libinit$$00000023  c_w.l(libinit2.o)
    0x080001ee   0x080001ee   0x00000000   Code   RO          936    .ARM.Collect$$libinit$$00000025  c_w.l(libinit2.o)
    0x080001ee   0x080001ee   0x00000000   Code   RO          940    .ARM.Collect$$libinit$$0000002C  c_w.l(libinit2.o)
    0x080001ee   0x080001ee   0x00000000   Code   RO          942    .ARM.Collect$$libinit$$0000002E  c_w.l(libinit2.o)
    0x080001ee   0x080001ee   0x00000000   Code   RO          944    .ARM.Collect$$libinit$$00000030  c_w.l(libinit2.o)
    0x080001ee   0x080001ee   0x00000000   Code   RO          946    .ARM.Collect$$libinit$$00000032  c_w.l(libinit2.o)
    0x080001ee   0x080001ee   0x00000002   Code   RO          947    .ARM.Collect$$libinit$$00000033  c_w.l(libinit2.o)
    0x080001f0   0x080001f0   0x00000002   Code   RO          973    .ARM.Collect$$libshutdown$$00000000  c_w.l(libshutdown.o)
    0x080001f2   0x080001f2   0x00000000   Code   RO         1000    .ARM.Collect$$libshutdown$$00000002  c_w.l(libshutdown2.o)
    0x080001f2   0x080001f2   0x00000000   Code   RO         1002    .ARM.Collect$$libshutdown$$00000004  c_w.l(libshutdown2.o)
    0x080001f2   0x080001f2   0x00000000   Code   RO         1005    .ARM.Collect$$libshutdown$$00000007  c_w.l(libshutdown2.o)
    0x080001f2   0x080001f2   0x00000000   Code   RO         1008    .ARM.Collect$$libshutdown$$0000000A  c_w.l(libshutdown2.o)
    0x080001f2   0x080001f2   0x00000000   Code   RO         1010    .ARM.Collect$$libshutdown$$0000000C  c_w.l(libshutdown2.o)
    0x080001f2   0x080001f2   0x00000000   Code   RO         1013    .ARM.Collect$$libshutdown$$0000000F  c_w.l(libshutdown2.o)
    0x080001f2   0x080001f2   0x00000002   Code   RO         1014    .ARM.Collect$$libshutdown$$00000010  c_w.l(libshutdown2.o)
    0x080001f4   0x080001f4   0x00000000   Code   RO          842    .ARM.Collect$$rtentry$$00000000  c_w.l(__rtentry.o)
    0x080001f4   0x080001f4   0x00000000   Code   RO          852    .ARM.Collect$$rtentry$$00000002  c_w.l(__rtentry2.o)
    0x080001f4   0x080001f4   0x00000006   Code   RO          864    .ARM.Collect$$rtentry$$00000004  c_w.l(__rtentry4.o)
    0x080001fa   0x080001fa   0x00000000   Code   RO          854    .ARM.Collect$$rtentry$$00000009  c_w.l(__rtentry2.o)
    0x080001fa   0x080001fa   0x00000004   Code   RO          855    .ARM.Collect$$rtentry$$0000000A  c_w.l(__rtentry2.o)
    0x080001fe   0x080001fe   0x00000000   Code   RO          857    .ARM.Collect$$rtentry$$0000000C  c_w.l(__rtentry2.o)
    0x080001fe   0x080001fe   0x00000008   Code   RO          858    .ARM.Collect$$rtentry$$0000000D  c_w.l(__rtentry2.o)
    0x08000206   0x08000206   0x00000002   Code   RO          895    .ARM.Collect$$rtexit$$00000000  c_w.l(rtexit.o)
    0x08000208   0x08000208   0x00000000   Code   RO          949    .ARM.Collect$$rtexit$$00000002  c_w.l(rtexit2.o)
    0x08000208   0x08000208   0x00000004   Code   RO          950    .ARM.Collect$$rtexit$$00000003  c_w.l(rtexit2.o)
    0x0800020c   0x0800020c   0x00000006   Code   RO          951    .ARM.Collect$$rtexit$$00000004  c_w.l(rtexit2.o)
    0x08000212   0x08000212   0x00000002   PAD
    0x08000214   0x08000214   0x00000320   Code   RO            1    .text               main.o
    0x08000534   0x08000534   0x00000016   Code   RO          156    .text               stm32f10x_it.o
    0x0800054a   0x0800054a   0x00000002   PAD
    0x0800054c   0x0800054c   0x000001e0   Code   RO          188    .text               system_stm32f10x.o
    0x0800072c   0x0800072c   0x00000034   Code   RO          206    .text               led.o
    0x08000760   0x08000760   0x00000134   Code   RO          218    .text               spi.o
    0x08000894   0x08000894   0x00000270   Code   RO          236    .text               spi_oled.o
    0x08000b04   0x08000b04   0x000006b0   Code   RO          253    .text               oledgui.o
    0x080011b4   0x080011b4   0x0000014c   Code   RO          279    .text               delay.o
    0x08001300   0x08001300   0x00000150   Code   RO          310    .text               usart.o
    0x08001450   0x08001450   0x00000040   Code   RO          346    .text               startup_stm32f10x_hd.o
    0x08001490   0x08001490   0x000000dc   Code   RO          350    .text               misc.o
    0x0800156c   0x0800156c   0x0000035c   Code   RO          362    .text               stm32f10x_gpio.o
    0x080018c8   0x080018c8   0x00000408   Code   RO          374    .text               stm32f10x_usart.o
    0x08001cd0   0x08001cd0   0x000003a4   Code   RO          386    .text               stm32f10x_rcc.o
    0x08002074   0x08002074   0x0000030c   Code   RO          400    .text               stm32f10x_spi.o
    0x08002380   0x08002380   0x00000084   Code   RO          427    .text               bsp.o
    0x08002404   0x08002404   0x000002a8   Code   RO          442    .text               cpu_core.o
    0x080026ac   0x080026ac   0x00000034   Code   RO          480    .text               cpu_a.o
    0x080026e0   0x080026e0   0x00000256   Code   RO          483    .text               lib_ascii.o
    0x08002936   0x08002936   0x00000002   PAD
    0x08002938   0x08002938   0x000009c6   Code   RO          516    .text               lib_mem.o
    0x080032fe   0x080032fe   0x00000002   PAD
    0x08003300   0x08003300   0x0000092c   Code   RO          535    .text               lib_str.o
    0x08003c2c   0x08003c2c   0x00000220   Code   RO          552    .text               lib_mem_a.o
    0x08003e4c   0x08003e4c   0x000000fc   Code   RO          555    .text               os_cfg_app.o
    0x08003f48   0x08003f48   0x00000e04   Code   RO          578    .text               os_core.o
    0x08004d4c   0x08004d4c   0x000001b0   Code   RO          590    .text               os_dbg.o
    0x08004efc   0x08004efc   0x00000e28   Code   RO          605    .text               os_flag.o
    0x08005d24   0x08005d24   0x00000444   Code   RO          617    .text               os_int.o
    0x08006168   0x08006168   0x00000238   Code   RO          629    .text               os_mem.o
    0x080063a0   0x080063a0   0x0000022c   Code   RO          641    .text               os_msg.o
    0x080065cc   0x080065cc   0x00000ad4   Code   RO          653    .text               os_mutex.o
    0x080070a0   0x080070a0   0x0000007c   Code   RO          671    .text               os_prio.o
    0x0800711c   0x0800711c   0x000008d8   Code   RO          690    .text               os_q.o
    0x080079f4   0x080079f4   0x00000830   Code   RO          702    .text               os_sem.o
    0x08008224   0x08008224   0x00000638   Code   RO          714    .text               os_stat.o
    0x0800885c   0x0800885c   0x00001bb4   Code   RO          726    .text               os_task.o
    0x0800a410   0x0800a410   0x000004fc   Code   RO          738    .text               os_tick.o
    0x0800a90c   0x0800a90c   0x00000564   Code   RO          750    .text               os_time.o
    0x0800ae70   0x0800ae70   0x00000818   Code   RO          762    .text               os_tmr.o
    0x0800b688   0x0800b688   0x0000026c   Code   RO          791    .text               os_cpu_c.o
    0x0800b8f4   0x0800b8f4   0x00000002   Code   RO          826    .text               c_w.l(use_no_semi_2.o)
    0x0800b8f6   0x0800b8f6   0x000000ee   Code   RO          828    .text               c_w.l(lludivv7m.o)
    0x0800b9e4   0x0800b9e4   0x00000018   Code   RO          832    .text               c_w.l(noretval__2printf.o)
    0x0800b9fc   0x0800b9fc   0x00000010   Code   RO          834    .text               c_w.l(aeabi_memset.o)
    0x0800ba0c   0x0800ba0c   0x00000006   Code   RO          836    .text               c_w.l(heapauxi.o)
    0x0800ba12   0x0800ba12   0x00000002   Code   RO          840    .text               c_w.l(use_no_semi.o)
    0x0800ba14   0x0800ba14   0x00000024   Code   RO          847    .text               c_w.l(_printf_char_file.o)
    0x0800ba38   0x0800ba38   0x00000044   Code   RO          849    .text               c_w.l(rt_memclr.o)
    0x0800ba7c   0x0800ba7c   0x00000030   Code   RO          868    .text               c_w.l(_printf_char_common.o)
    0x0800baac   0x0800baac   0x00000008   Code   RO          870    .text               c_w.l(ferror.o)
    0x0800bab4   0x0800bab4   0x0000004e   Code   RO          874    .text               c_w.l(rt_memclr_w.o)
    0x0800bb02   0x0800bb02   0x0000004a   Code   RO          876    .text               c_w.l(sys_stackheap_outer.o)
    0x0800bb4c   0x0800bb4c   0x00000028   Code   RO          878    .text               c_w.l(__printf_nopercent.o)
    0x0800bb74   0x0800bb74   0x00000012   Code   RO          880    .text               c_w.l(exit.o)
    0x0800bb86   0x0800bb86   0x00000002   PAD
    0x0800bb88   0x0800bb88   0x00000008   Code   RO          892    .text               c_w.l(libspace.o)
    0x0800bb90   0x0800bb90   0x00000098   Code   RO          788    CODE                os_cpu_a.o
    0x0800bc28   0x0800bc28   0x00000480   Data   RO          255    .constdata          oledgui.o
    0x0800c0a8   0x0800c0a8   0x00000104   Data   RO          444    .constdata          cpu_core.o
    0x0800c1ac   0x0800c1ac   0x00000094   Data   RO          536    .constdata          lib_str.o
    0x0800c240   0x0800c240   0x000000a4   Data   RO          557    .constdata          os_cfg_app.o
    0x0800c2e4   0x0800c2e4   0x0000016c   Data   RO          591    .constdata          os_dbg.o
    0x0800c450   0x0800c450   0x00000020   Data   RO         1015    Region$$Table       anon$$obj.o


    Execution Region RW_IRAM1 (Exec base: 0x20000000, Load base: 0x0800c470, Size: 0x000050b0, Max: 0x00010000, ABSOLUTE, COMPRESSED[0x00000670])

    Exec Addr    Load Addr    Size         Type   Attr      Idx    E Section Name        Object

    0x20000000   COMPRESSED   0x00000014   Data   RW          189    .data               system_stm32f10x.o
    0x20000014   COMPRESSED   0x00000012   Data   RW          219    .data               spi.o
    0x20000026   COMPRESSED   0x00000002   PAD
    0x20000028   COMPRESSED   0x00000004   Data   RW          237    .data               spi_oled.o
    0x2000002c   COMPRESSED   0x00001242   Data   RW          256    .data               oledgui.o
    0x2000126e   COMPRESSED   0x00000004   Data   RW          280    .data               delay.o
    0x20001272   COMPRESSED   0x00000002   PAD
    0x20001274   COMPRESSED   0x00000006   Data   RW          312    .data               usart.o
    0x2000127a   COMPRESSED   0x00000014   Data   RW          387    .data               stm32f10x_rcc.o
    0x2000128e   COMPRESSED   0x00000002   PAD
    0x20001290   COMPRESSED   0x00000004   Data   RW          445    .data               cpu_core.o
    0x20001294   COMPRESSED   0x00000004   Data   RW          518    .data               lib_mem.o
    0x20001298   COMPRESSED   0x00000008   Data   RW          672    .data               os_prio.o
    0x200012a0   COMPRESSED   0x000000c8   Data   RW          775    .data               os_var.o
    0x20001368   COMPRESSED   0x00000004   Data   RW          792    .data               os_cpu_c.o
    0x2000136c   COMPRESSED   0x00000004   PAD
    0x20001370        -       0x00000e50   Zero   RW            2    .bss                main.o
    0x200021c0        -       0x00000400   Zero   RW          254    .bss                oledgui.o
    0x200025c0        -       0x000000c8   Zero   RW          311    .bss                usart.o
    0x20002688        -       0x00000010   Zero   RW          443    .bss                cpu_core.o
    0x20002698        -       0x00000448   Zero   RW          517    .bss                lib_mem.o
    0x20002ae0        -       0x00001490   Zero   RW          556    .bss                os_cfg_app.o
    0x20003f70        -       0x000006e0   Zero   RW          774    .bss                os_var.o
    0x20004650        -       0x00000060   Zero   RW          893    .bss                c_w.l(libspace.o)
    0x200046b0        -       0x00000200   Zero   RW          344    HEAP                startup_stm32f10x_hd.o
    0x200048b0        -       0x00000800   Zero   RW          343    STACK               startup_stm32f10x_hd.o


==============================================================================

Image component sizes


      Code (inc. data)   RO Data    RW Data    ZI Data      Debug   Object Name

       132         12          0          0          0       1127   bsp.o
        52          0          0          0          0        404   cpu_a.o
       680         14        260          4         16      14291   cpu_core.o
       332         28          0          4          0       1769   delay.o
        52          6          0          0          0        463   led.o
       598          0          0          0          0       3864   lib_ascii.o
      2502         32          0          4       1096      22132   lib_mem.o
       544          0          0          0          0        548   lib_mem_a.o
      2348          6        148          0          0      13722   lib_str.o
       800         86          0          0       3664     281324   main.o
       220         22          0          0          0       1781   misc.o
      1712         38       1152       4674       1024       7207   oledgui.o
       252        166        164          0       5264      20818   os_cfg_app.o
      3588        294          0          0          0      12417   os_core.o
       152         32          0          0          0        460   os_cpu_a.o
       620         66          0          4          0       3725   os_cpu_c.o
       432        286        364          0          0       4689   os_dbg.o
      3624        110          0          0          0       7999   os_flag.o
      1092        146          0          0          0       2304   os_int.o
       568         20          0          0          0       2728   os_mem.o
       556         12          0          0          0       2763   os_msg.o
      2772        114          0          0          0       5534   os_mutex.o
       124          4          0          8          0       1684   os_prio.o
      2264         76          0          0          0       6296   os_q.o
      2096         70          0          0          0       6316   os_sem.o
      1592        180          0          0          0       2785   os_stat.o
      7092        270          0          0          0      14142   os_task.o
      1276         90          0          0          0       3253   os_tick.o
      1380         46          0          0          0       3257   os_time.o
      2072        140          0          0          0       6442   os_tmr.o
         0          0          0        200       1760      19317   os_var.o
       308         40          0         18          0       1580   spi.o
       624         18          0          4          0       2376   spi_oled.o
        64         26        304          0       2560        860   startup_stm32f10x_hd.o
       860         38          0          0          0       5717   stm32f10x_gpio.o
        22          0          0          0          0        975   stm32f10x_it.o
       932         36          0         20          0       8880   stm32f10x_rcc.o
       780         14          0          0          0       6598   stm32f10x_spi.o
      1032         22          0          0          0       8440   stm32f10x_usart.o
         0          0          0          0          0         32   sys.o
       480         38          0         20          0       1671   system_stm32f10x.o
       336         18          0          6        200       3154   usart.o

    ----------------------------------------------------------------------
     46968       2616       2424       4972      15588     515844   Object Totals
         0          0         32          0          0          0   (incl. Generated)
         6          0          0          6          4          0   (incl. Padding)

    ----------------------------------------------------------------------

      Code (inc. data)   RO Data    RW Data    ZI Data      Debug   Library Member Name

       100          0          0          0          0          0   __dclz77c.o
         8          0          0          0          0         68   __main.o
        40          0          0          0          0         84   __printf_nopercent.o
         0          0          0          0          0          0   __rtentry.o
        12          0          0          0          0          0   __rtentry2.o
         6          0          0          0          0          0   __rtentry4.o
        52          8          0          0          0          0   __scatter.o
        28          0          0          0          0          0   __scatter_zi.o
        48          6          0          0          0         96   _printf_char_common.o
        36          4          0          0          0         80   _printf_char_file.o
        16          0          0          0          0         68   aeabi_memset.o
        18          0          0          0          0         80   exit.o
         8          0          0          0          0         68   ferror.o
         6          0          0          0          0        152   heapauxi.o
         2          0          0          0          0          0   libinit.o
         2          0          0          0          0          0   libinit2.o
         2          0          0          0          0          0   libshutdown.o
         2          0          0          0          0          0   libshutdown2.o
         8          4          0          0         96         68   libspace.o
       238          0          0          0          0        100   lludivv7m.o
        24          4          0          0          0         84   noretval__2printf.o
        68          0          0          0          0         68   rt_memclr.o
        78          0          0          0          0         80   rt_memclr_w.o
         2          0          0          0          0          0   rtexit.o
        10          0          0          0          0          0   rtexit2.o
        74          0          0          0          0         80   sys_stackheap_outer.o
         2          0          0          0          0         68   use_no_semi.o
         2          0          0          0          0         68   use_no_semi_2.o

    ----------------------------------------------------------------------
       896         26          0          0         96       1312   Library Totals
         4          0          0          0          0          0   (incl. Padding)

    ----------------------------------------------------------------------

      Code (inc. data)   RO Data    RW Data    ZI Data      Debug   Library Name

       892         26          0          0         96       1312   c_w.l

    ----------------------------------------------------------------------
       896         26          0          0         96       1312   Library Totals

    ----------------------------------------------------------------------

==============================================================================


      Code (inc. data)   RO Data    RW Data    ZI Data      Debug   

     47864       2642       2424       4972      15684     513096   Grand Totals
     47864       2642       2424       1648      15684     513096   ELF Image Totals (compressed)
     47864       2642       2424       1648          0          0   ROM Totals

==============================================================================

    Total RO  Size (Code + RO Data)                50288 (  49.11kB)
    Total RW  Size (RW Data + ZI Data)             20656 (  20.17kB)
    Total ROM Size (Code + RO Data + RW Data)      51936 (  50.72kB)

==============================================================================

